

================================================================
== Vitis HLS Report for 'conv2d_3_stream_layer_9u_s'
================================================================
* Date:           Fri Aug  1 07:20:14 2025

* Version:        2024.2 (Build 5238294 on Nov  8 2024)
* Project:        hls_component
* Solution:       hls (Vivado IP Flow Target)
* Product family: zynquplus
* Target device:  xczu19eg-ffvc1760-2-i


================================================================
== Performance Estimates
================================================================
+ Timing: 
    * Summary: 
    +--------+---------+----------+------------+
    |  Clock |  Target | Estimated| Uncertainty|
    +--------+---------+----------+------------+
    |ap_clk  |  3.57 ns|  1.897 ns|     0.96 ns|
    +--------+---------+----------+------------+

+ Latency: 
    * Summary: 
    +---------+---------+-----------+-----------+-----+-----+------------------------------------------------+
    |  Latency (cycles) |   Latency (absolute)  |  Interval |                    Pipeline                    |
    |   min   |   max   |    min    |    max    | min | max |                      Type                      |
    +---------+---------+-----------+-----------+-----+-----+------------------------------------------------+
    |        5|        5|  17.855 ns|  17.855 ns|    3|    3|  loop auto-rewind stp (delay=0 clock cycles(s))|
    +---------+---------+-----------+-----------+-----+-----+------------------------------------------------+

    + Detail: 
        * Instance: 
        N/A

        * Loop: 
        +--------------------+---------+---------+----------+-----------+-----------+------+----------+
        |                    |  Latency (cycles) | Iteration|  Initiation Interval  | Trip |          |
        |      Loop Name     |   min   |   max   |  Latency |  achieved |   target  | Count| Pipelined|
        +--------------------+---------+---------+----------+-----------+-----------+------+----------+
        |- VITIS_LOOP_123_1  |        3|        3|         2|          1|          1|     3|       yes|
        +--------------------+---------+---------+----------+-----------+-----------+------+----------+



================================================================
== Utilization Estimates
================================================================
* Summary: 
+-----------------+---------+------+---------+--------+-----+
|       Name      | BRAM_18K|  DSP |    FF   |   LUT  | URAM|
+-----------------+---------+------+---------+--------+-----+
|DSP              |        -|     -|        -|       -|    -|
|Expression       |        -|     -|        0|     344|    -|
|FIFO             |        -|     -|        -|       -|    -|
|Instance         |        -|     -|        -|       -|    -|
|Memory           |        -|     -|        -|       -|    -|
|Multiplexer      |        -|     -|        0|     747|    -|
|Register         |        -|     -|      143|       -|    -|
+-----------------+---------+------+---------+--------+-----+
|Total            |        0|     0|      143|    1091|    0|
+-----------------+---------+------+---------+--------+-----+
|Available        |     1968|  1968|  1045440|  522720|  128|
+-----------------+---------+------+---------+--------+-----+
|Utilization (%)  |        0|     0|       ~0|      ~0|    0|
+-----------------+---------+------+---------+--------+-----+

+ Detail: 
    * Instance: 
    N/A

    * DSP: 
    N/A

    * Memory: 
    N/A

    * FIFO: 
    N/A

    * Expression: 
    +----------------------------------------+----------+----+---+----+------------+------------+
    |              Variable Name             | Operation| DSP| FF| LUT| Bitwidth P0| Bitwidth P1|
    +----------------------------------------+----------+----+---+----+------------+------------+
    |s_fu_788_p2                             |         +|   0|  0|  12|           4|           2|
    |ap_block_state2_pp0_stage0_iter1_grp67  |       and|   0|  0|   2|           1|           1|
    |ap_block_state2_pp0_stage0_iter1_grp68  |       and|   0|  0|   2|           1|           1|
    |ap_block_state2_pp0_stage0_iter1_grp69  |       and|   0|  0|   2|           1|           1|
    |ap_block_state2_pp0_stage0_iter1_grp70  |       and|   0|  0|   2|           1|           1|
    |ap_block_state2_pp0_stage0_iter1_grp71  |       and|   0|  0|   2|           1|           1|
    |ap_block_state2_pp0_stage0_iter1_grp72  |       and|   0|  0|   2|           1|           1|
    |ap_block_state2_pp0_stage0_iter1_grp73  |       and|   0|  0|   2|           1|           1|
    |ap_block_state2_pp0_stage0_iter1_grp74  |       and|   0|  0|   2|           1|           1|
    |ap_block_state2_pp0_stage0_iter1_grp75  |       and|   0|  0|   2|           1|           1|
    |ap_block_state2_pp0_stage0_iter1_grp76  |       and|   0|  0|   2|           1|           1|
    |ap_block_state2_pp0_stage0_iter1_grp77  |       and|   0|  0|   2|           1|           1|
    |ap_block_state2_pp0_stage0_iter1_grp78  |       and|   0|  0|   2|           1|           1|
    |ap_condition_2242                       |       and|   0|  0|   2|           1|           1|
    |ap_predicate_op216_write_state2         |       and|   0|  0|   2|           1|           1|
    |icmp_ln123_fu_798_p2                    |      icmp|   0|  0|  12|           4|           4|
    |ap_block_pp0_stage0_01001_grp25         |        or|   0|  0|   2|           1|           1|
    |ap_block_pp0_stage0_01001_grp26         |        or|   0|  0|   2|           1|           1|
    |ap_block_pp0_stage0_01001_grp27         |        or|   0|  0|   2|           1|           1|
    |ap_block_pp0_stage0_01001_grp28         |        or|   0|  0|   2|           1|           1|
    |ap_block_pp0_stage0_01001_grp29         |        or|   0|  0|   2|           1|           1|
    |ap_block_pp0_stage0_01001_grp30         |        or|   0|  0|   2|           1|           1|
    |ap_block_pp0_stage0_01001_grp31         |        or|   0|  0|   2|           1|           1|
    |ap_block_pp0_stage0_01001_grp32         |        or|   0|  0|   2|           1|           1|
    |ap_block_pp0_stage0_01001_grp33         |        or|   0|  0|   2|           1|           1|
    |ap_block_pp0_stage0_01001_grp34         |        or|   0|  0|   2|           1|           1|
    |ap_block_pp0_stage0_01001_grp35         |        or|   0|  0|   2|           1|           1|
    |ap_block_pp0_stage0_01001_grp36         |        or|   0|  0|   2|           1|           1|
    |ap_block_pp0_stage0_01001_grp37         |        or|   0|  0|   2|           1|           1|
    |ap_block_pp0_stage0_01001_grp38         |        or|   0|  0|   2|           1|           1|
    |ap_block_pp0_stage0_01001_grp39         |        or|   0|  0|   2|           1|           1|
    |ap_block_pp0_stage0_01001_grp40         |        or|   0|  0|   2|           1|           1|
    |ap_block_pp0_stage0_01001_grp41         |        or|   0|  0|   2|           1|           1|
    |ap_block_pp0_stage0_01001_grp42         |        or|   0|  0|   2|           1|           1|
    |ap_block_pp0_stage0_01001_grp43         |        or|   0|  0|   2|           1|           1|
    |ap_block_pp0_stage0_01001_grp44         |        or|   0|  0|   2|           1|           1|
    |ap_block_pp0_stage0_01001_grp45         |        or|   0|  0|   2|           1|           1|
    |ap_block_pp0_stage0_01001_grp46         |        or|   0|  0|   2|           1|           1|
    |ap_block_pp0_stage0_01001_grp47         |        or|   0|  0|   2|           1|           1|
    |ap_block_pp0_stage0_01001_grp48         |        or|   0|  0|   2|           1|           1|
    |ap_block_pp0_stage0_01001_grp49         |        or|   0|  0|   2|           1|           1|
    |ap_block_pp0_stage0_01001_grp50         |        or|   0|  0|   2|           1|           1|
    |ap_block_pp0_stage0_01001_grp51         |        or|   0|  0|   2|           1|           1|
    |ap_block_pp0_stage0_01001_grp52         |        or|   0|  0|   2|           1|           1|
    |ap_block_pp0_stage0_01001_grp53         |        or|   0|  0|   2|           1|           1|
    |ap_block_pp0_stage0_01001_grp54         |        or|   0|  0|   2|           1|           1|
    |ap_block_pp0_stage0_01001_grp55         |        or|   0|  0|   2|           1|           1|
    |ap_block_pp0_stage0_01001_grp56         |        or|   0|  0|   2|           1|           1|
    |ap_block_pp0_stage0_01001_grp57         |        or|   0|  0|   2|           1|           1|
    |ap_block_pp0_stage0_01001_grp58         |        or|   0|  0|   2|           1|           1|
    |ap_block_pp0_stage0_01001_grp59         |        or|   0|  0|   2|           1|           1|
    |ap_block_pp0_stage0_01001_grp60         |        or|   0|  0|   2|           1|           1|
    |ap_block_pp0_stage0_01001_grp61         |        or|   0|  0|   2|           1|           1|
    |ap_block_pp0_stage0_01001_grp62         |        or|   0|  0|   2|           1|           1|
    |ap_block_pp0_stage0_01001_grp63         |        or|   0|  0|   2|           1|           1|
    |ap_block_pp0_stage0_01001_grp64         |        or|   0|  0|   2|           1|           1|
    |ap_block_pp0_stage0_01001_grp65         |        or|   0|  0|   2|           1|           1|
    |ap_block_pp0_stage0_01001_grp66         |        or|   0|  0|   2|           1|           1|
    |ap_block_pp0_stage0_01001_grp67         |        or|   0|  0|   2|           1|           1|
    |ap_block_pp0_stage0_01001_grp68         |        or|   0|  0|   2|           1|           1|
    |ap_block_pp0_stage0_01001_grp69         |        or|   0|  0|   2|           1|           1|
    |ap_block_pp0_stage0_01001_grp70         |        or|   0|  0|   2|           1|           1|
    |ap_block_pp0_stage0_01001_grp71         |        or|   0|  0|   2|           1|           1|
    |ap_block_pp0_stage0_01001_grp72         |        or|   0|  0|   2|           1|           1|
    |ap_block_pp0_stage0_01001_grp73         |        or|   0|  0|   2|           1|           1|
    |ap_block_pp0_stage0_01001_grp74         |        or|   0|  0|   2|           1|           1|
    |ap_block_pp0_stage0_01001_grp75         |        or|   0|  0|   2|           1|           1|
    |ap_block_pp0_stage0_01001_grp76         |        or|   0|  0|   2|           1|           1|
    |ap_block_pp0_stage0_01001_grp77         |        or|   0|  0|   2|           1|           1|
    |ap_block_pp0_stage0_01001_grp78         |        or|   0|  0|   2|           1|           1|
    |ap_block_pp0_stage0_11001               |        or|   0|  0|   2|           1|           1|
    |ap_block_pp0_stage0_11001_grp1          |        or|   0|  0|   2|           1|           1|
    |ap_block_pp0_stage0_11001_grp10         |        or|   0|  0|   2|           1|           1|
    |ap_block_pp0_stage0_11001_grp11         |        or|   0|  0|   2|           1|           1|
    |ap_block_pp0_stage0_11001_grp12         |        or|   0|  0|   2|           1|           1|
    |ap_block_pp0_stage0_11001_grp13         |        or|   0|  0|   2|           1|           1|
    |ap_block_pp0_stage0_11001_grp14         |        or|   0|  0|   2|           1|           1|
    |ap_block_pp0_stage0_11001_grp15         |        or|   0|  0|   2|           1|           1|
    |ap_block_pp0_stage0_11001_grp16         |        or|   0|  0|   2|           1|           1|
    |ap_block_pp0_stage0_11001_grp17         |        or|   0|  0|   2|           1|           1|
    |ap_block_pp0_stage0_11001_grp18         |        or|   0|  0|   2|           1|           1|
    |ap_block_pp0_stage0_11001_grp19         |        or|   0|  0|   2|           1|           1|
    |ap_block_pp0_stage0_11001_grp2          |        or|   0|  0|   2|           1|           1|
    |ap_block_pp0_stage0_11001_grp20         |        or|   0|  0|   2|           1|           1|
    |ap_block_pp0_stage0_11001_grp21         |        or|   0|  0|   2|           1|           1|
    |ap_block_pp0_stage0_11001_grp22         |        or|   0|  0|   2|           1|           1|
    |ap_block_pp0_stage0_11001_grp23         |        or|   0|  0|   2|           1|           1|
    |ap_block_pp0_stage0_11001_grp24         |        or|   0|  0|   2|           1|           1|
    |ap_block_pp0_stage0_11001_grp3          |        or|   0|  0|   2|           1|           1|
    |ap_block_pp0_stage0_11001_grp4          |        or|   0|  0|   2|           1|           1|
    |ap_block_pp0_stage0_11001_grp5          |        or|   0|  0|   2|           1|           1|
    |ap_block_pp0_stage0_11001_grp6          |        or|   0|  0|   2|           1|           1|
    |ap_block_pp0_stage0_11001_grp7          |        or|   0|  0|   2|           1|           1|
    |ap_block_pp0_stage0_11001_grp8          |        or|   0|  0|   2|           1|           1|
    |ap_block_pp0_stage0_11001_grp9          |        or|   0|  0|   2|           1|           1|
    |ap_block_state1_pp0_stage0_iter0_grp1   |        or|   0|  0|   2|           1|           1|
    |ap_block_state1_pp0_stage0_iter0_grp10  |        or|   0|  0|   2|           1|           1|
    |ap_block_state1_pp0_stage0_iter0_grp11  |        or|   0|  0|   2|           1|           1|
    |ap_block_state1_pp0_stage0_iter0_grp12  |        or|   0|  0|   2|           1|           1|
    |ap_block_state1_pp0_stage0_iter0_grp13  |        or|   0|  0|   2|           1|           1|
    |ap_block_state1_pp0_stage0_iter0_grp14  |        or|   0|  0|   2|           1|           1|
    |ap_block_state1_pp0_stage0_iter0_grp15  |        or|   0|  0|   2|           1|           1|
    |ap_block_state1_pp0_stage0_iter0_grp16  |        or|   0|  0|   2|           1|           1|
    |ap_block_state1_pp0_stage0_iter0_grp17  |        or|   0|  0|   2|           1|           1|
    |ap_block_state1_pp0_stage0_iter0_grp18  |        or|   0|  0|   2|           1|           1|
    |ap_block_state1_pp0_stage0_iter0_grp19  |        or|   0|  0|   2|           1|           1|
    |ap_block_state1_pp0_stage0_iter0_grp2   |        or|   0|  0|   2|           1|           1|
    |ap_block_state1_pp0_stage0_iter0_grp20  |        or|   0|  0|   2|           1|           1|
    |ap_block_state1_pp0_stage0_iter0_grp21  |        or|   0|  0|   2|           1|           1|
    |ap_block_state1_pp0_stage0_iter0_grp22  |        or|   0|  0|   2|           1|           1|
    |ap_block_state1_pp0_stage0_iter0_grp23  |        or|   0|  0|   2|           1|           1|
    |ap_block_state1_pp0_stage0_iter0_grp24  |        or|   0|  0|   2|           1|           1|
    |ap_block_state1_pp0_stage0_iter0_grp3   |        or|   0|  0|   2|           1|           1|
    |ap_block_state1_pp0_stage0_iter0_grp4   |        or|   0|  0|   2|           1|           1|
    |ap_block_state1_pp0_stage0_iter0_grp5   |        or|   0|  0|   2|           1|           1|
    |ap_block_state1_pp0_stage0_iter0_grp6   |        or|   0|  0|   2|           1|           1|
    |ap_block_state1_pp0_stage0_iter0_grp7   |        or|   0|  0|   2|           1|           1|
    |ap_block_state1_pp0_stage0_iter0_grp8   |        or|   0|  0|   2|           1|           1|
    |ap_block_state1_pp0_stage0_iter0_grp9   |        or|   0|  0|   2|           1|           1|
    |ap_block_state2_pp0_stage0_iter1_grp25  |        or|   0|  0|   2|           1|           1|
    |ap_block_state2_pp0_stage0_iter1_grp26  |        or|   0|  0|   2|           1|           1|
    |ap_block_state2_pp0_stage0_iter1_grp27  |        or|   0|  0|   2|           1|           1|
    |ap_block_state2_pp0_stage0_iter1_grp28  |        or|   0|  0|   2|           1|           1|
    |ap_block_state2_pp0_stage0_iter1_grp29  |        or|   0|  0|   2|           1|           1|
    |ap_block_state2_pp0_stage0_iter1_grp30  |        or|   0|  0|   2|           1|           1|
    |ap_block_state2_pp0_stage0_iter1_grp31  |        or|   0|  0|   2|           1|           1|
    |ap_block_state2_pp0_stage0_iter1_grp32  |        or|   0|  0|   2|           1|           1|
    |ap_block_state2_pp0_stage0_iter1_grp33  |        or|   0|  0|   2|           1|           1|
    |ap_block_state2_pp0_stage0_iter1_grp34  |        or|   0|  0|   2|           1|           1|
    |ap_block_state2_pp0_stage0_iter1_grp35  |        or|   0|  0|   2|           1|           1|
    |ap_block_state2_pp0_stage0_iter1_grp36  |        or|   0|  0|   2|           1|           1|
    |ap_block_state2_pp0_stage0_iter1_grp37  |        or|   0|  0|   2|           1|           1|
    |ap_block_state2_pp0_stage0_iter1_grp38  |        or|   0|  0|   2|           1|           1|
    |ap_block_state2_pp0_stage0_iter1_grp39  |        or|   0|  0|   2|           1|           1|
    |ap_block_state2_pp0_stage0_iter1_grp40  |        or|   0|  0|   2|           1|           1|
    |ap_block_state2_pp0_stage0_iter1_grp41  |        or|   0|  0|   2|           1|           1|
    |ap_block_state2_pp0_stage0_iter1_grp42  |        or|   0|  0|   2|           1|           1|
    |ap_block_state2_pp0_stage0_iter1_grp43  |        or|   0|  0|   2|           1|           1|
    |ap_block_state2_pp0_stage0_iter1_grp44  |        or|   0|  0|   2|           1|           1|
    |ap_block_state2_pp0_stage0_iter1_grp45  |        or|   0|  0|   2|           1|           1|
    |ap_block_state2_pp0_stage0_iter1_grp46  |        or|   0|  0|   2|           1|           1|
    |ap_block_state2_pp0_stage0_iter1_grp47  |        or|   0|  0|   2|           1|           1|
    |ap_block_state2_pp0_stage0_iter1_grp48  |        or|   0|  0|   2|           1|           1|
    |ap_block_state2_pp0_stage0_iter1_grp49  |        or|   0|  0|   2|           1|           1|
    |ap_block_state2_pp0_stage0_iter1_grp50  |        or|   0|  0|   2|           1|           1|
    |ap_block_state2_pp0_stage0_iter1_grp51  |        or|   0|  0|   2|           1|           1|
    |ap_block_state2_pp0_stage0_iter1_grp52  |        or|   0|  0|   2|           1|           1|
    |ap_block_state2_pp0_stage0_iter1_grp53  |        or|   0|  0|   2|           1|           1|
    |ap_block_state2_pp0_stage0_iter1_grp54  |        or|   0|  0|   2|           1|           1|
    |ap_block_state2_pp0_stage0_iter1_grp55  |        or|   0|  0|   2|           1|           1|
    |ap_block_state2_pp0_stage0_iter1_grp56  |        or|   0|  0|   2|           1|           1|
    |ap_block_state2_pp0_stage0_iter1_grp57  |        or|   0|  0|   2|           1|           1|
    |ap_block_state2_pp0_stage0_iter1_grp58  |        or|   0|  0|   2|           1|           1|
    |ap_block_state2_pp0_stage0_iter1_grp59  |        or|   0|  0|   2|           1|           1|
    |ap_block_state2_pp0_stage0_iter1_grp60  |        or|   0|  0|   2|           1|           1|
    |ap_block_state2_pp0_stage0_iter1_grp61  |        or|   0|  0|   2|           1|           1|
    |ap_block_state2_pp0_stage0_iter1_grp62  |        or|   0|  0|   2|           1|           1|
    |ap_block_state2_pp0_stage0_iter1_grp63  |        or|   0|  0|   2|           1|           1|
    |ap_block_state2_pp0_stage0_iter1_grp64  |        or|   0|  0|   2|           1|           1|
    |ap_block_state2_pp0_stage0_iter1_grp65  |        or|   0|  0|   2|           1|           1|
    |ap_block_state2_pp0_stage0_iter1_grp66  |        or|   0|  0|   2|           1|           1|
    |ap_enable_pp0                           |       xor|   0|  0|   2|           1|           2|
    +----------------------------------------+----------+----+---+----+------------+------------+
    |Total                                   |          |   0|  0| 344|         168|         167|
    +----------------------------------------+----------+----+---+----+------------+------------+

    * Multiplexer: 
    +----------------------------------+----+-----------+-----+-----------+
    |               Name               | LUT| Input Size| Bits| Total Bits|
    +----------------------------------+----+-----------+-----+-----------+
    |ap_done_int                       |   9|          2|    1|          2|
    |ap_loop_exit_ready_pp0_iter1_reg  |   9|          2|    1|          2|
    |ap_sig_allocacmp_s1_load          |   9|          2|    3|          6|
    |proj_embedding3_0_0_blk_n         |   9|          2|    1|          2|
    |proj_embedding3_0_1_blk_n         |   9|          2|    1|          2|
    |proj_embedding3_0_2_blk_n         |   9|          2|    1|          2|
    |proj_embedding3_1_0_blk_n         |   9|          2|    1|          2|
    |proj_embedding3_1_1_blk_n         |   9|          2|    1|          2|
    |proj_embedding3_1_2_blk_n         |   9|          2|    1|          2|
    |proj_embedding3_2_0_blk_n         |   9|          2|    1|          2|
    |proj_embedding3_2_1_blk_n         |   9|          2|    1|          2|
    |proj_embedding3_2_2_blk_n         |   9|          2|    1|          2|
    |proj_embedding3_3_0_blk_n         |   9|          2|    1|          2|
    |proj_embedding3_3_1_blk_n         |   9|          2|    1|          2|
    |proj_embedding3_3_2_blk_n         |   9|          2|    1|          2|
    |proj_embedding3_4_0_blk_n         |   9|          2|    1|          2|
    |proj_embedding3_4_1_blk_n         |   9|          2|    1|          2|
    |proj_embedding3_4_2_blk_n         |   9|          2|    1|          2|
    |proj_embedding3_5_0_blk_n         |   9|          2|    1|          2|
    |proj_embedding3_5_1_blk_n         |   9|          2|    1|          2|
    |proj_embedding3_5_2_blk_n         |   9|          2|    1|          2|
    |proj_embedding3_6_0_blk_n         |   9|          2|    1|          2|
    |proj_embedding3_6_1_blk_n         |   9|          2|    1|          2|
    |proj_embedding3_6_2_blk_n         |   9|          2|    1|          2|
    |proj_embedding3_7_0_blk_n         |   9|          2|    1|          2|
    |proj_embedding3_7_1_blk_n         |   9|          2|    1|          2|
    |proj_embedding3_7_2_blk_n         |   9|          2|    1|          2|
    |real_start                        |   9|          2|    1|          2|
    |s1_fu_196                         |   9|          2|    3|          6|
    |sum_out3_0_0_blk_n                |   9|          2|    1|          2|
    |sum_out3_0_1_blk_n                |   9|          2|    1|          2|
    |sum_out3_0_2_blk_n                |   9|          2|    1|          2|
    |sum_out3_0_3_blk_n                |   9|          2|    1|          2|
    |sum_out3_0_4_blk_n                |   9|          2|    1|          2|
    |sum_out3_0_5_blk_n                |   9|          2|    1|          2|
    |sum_out3_1_0_blk_n                |   9|          2|    1|          2|
    |sum_out3_1_1_blk_n                |   9|          2|    1|          2|
    |sum_out3_1_2_blk_n                |   9|          2|    1|          2|
    |sum_out3_1_3_blk_n                |   9|          2|    1|          2|
    |sum_out3_1_4_blk_n                |   9|          2|    1|          2|
    |sum_out3_1_5_blk_n                |   9|          2|    1|          2|
    |sum_out3_2_0_blk_n                |   9|          2|    1|          2|
    |sum_out3_2_1_blk_n                |   9|          2|    1|          2|
    |sum_out3_2_2_blk_n                |   9|          2|    1|          2|
    |sum_out3_2_3_blk_n                |   9|          2|    1|          2|
    |sum_out3_2_4_blk_n                |   9|          2|    1|          2|
    |sum_out3_2_5_blk_n                |   9|          2|    1|          2|
    |sum_out3_3_0_blk_n                |   9|          2|    1|          2|
    |sum_out3_3_1_blk_n                |   9|          2|    1|          2|
    |sum_out3_3_2_blk_n                |   9|          2|    1|          2|
    |sum_out3_3_3_blk_n                |   9|          2|    1|          2|
    |sum_out3_3_4_blk_n                |   9|          2|    1|          2|
    |sum_out3_3_5_blk_n                |   9|          2|    1|          2|
    |sum_out3_4_0_blk_n                |   9|          2|    1|          2|
    |sum_out3_4_1_blk_n                |   9|          2|    1|          2|
    |sum_out3_4_2_blk_n                |   9|          2|    1|          2|
    |sum_out3_4_3_blk_n                |   9|          2|    1|          2|
    |sum_out3_4_4_blk_n                |   9|          2|    1|          2|
    |sum_out3_4_5_blk_n                |   9|          2|    1|          2|
    |sum_out3_5_0_blk_n                |   9|          2|    1|          2|
    |sum_out3_5_1_blk_n                |   9|          2|    1|          2|
    |sum_out3_5_2_blk_n                |   9|          2|    1|          2|
    |sum_out3_5_3_blk_n                |   9|          2|    1|          2|
    |sum_out3_5_4_blk_n                |   9|          2|    1|          2|
    |sum_out3_5_5_blk_n                |   9|          2|    1|          2|
    |sum_out3_6_0_blk_n                |   9|          2|    1|          2|
    |sum_out3_6_1_blk_n                |   9|          2|    1|          2|
    |sum_out3_6_2_blk_n                |   9|          2|    1|          2|
    |sum_out3_6_3_blk_n                |   9|          2|    1|          2|
    |sum_out3_6_4_blk_n                |   9|          2|    1|          2|
    |sum_out3_6_5_blk_n                |   9|          2|    1|          2|
    |sum_out3_7_0_blk_n                |   9|          2|    1|          2|
    |sum_out3_7_1_blk_n                |   9|          2|    1|          2|
    |sum_out3_7_2_blk_n                |   9|          2|    1|          2|
    |sum_out3_7_3_blk_n                |   9|          2|    1|          2|
    |sum_out3_7_4_blk_n                |   9|          2|    1|          2|
    |sum_out3_7_5_blk_n                |   9|          2|    1|          2|
    |sum_out3_8_0_blk_n                |   9|          2|    1|          2|
    |sum_out3_8_1_blk_n                |   9|          2|    1|          2|
    |sum_out3_8_2_blk_n                |   9|          2|    1|          2|
    |sum_out3_8_3_blk_n                |   9|          2|    1|          2|
    |sum_out3_8_4_blk_n                |   9|          2|    1|          2|
    |sum_out3_8_5_blk_n                |   9|          2|    1|          2|
    +----------------------------------+----+-----------+-----+-----------+
    |Total                             | 747|        166|   87|        174|
    +----------------------------------+----+-----------+-----+-----------+

    * Register: 
    +--------------------------------------------------+---+----+-----+-----------+
    |                       Name                       | FF| LUT| Bits| Const Bits|
    +--------------------------------------------------+---+----+-----+-----------+
    |ap_CS_fsm                                         |  1|   0|    1|          0|
    |ap_block_pp0_stage0_subdone_grp10_done_reg_iter0  |  1|   0|    1|          0|
    |ap_block_pp0_stage0_subdone_grp11_done_reg_iter0  |  1|   0|    1|          0|
    |ap_block_pp0_stage0_subdone_grp12_done_reg_iter0  |  1|   0|    1|          0|
    |ap_block_pp0_stage0_subdone_grp13_done_reg_iter0  |  1|   0|    1|          0|
    |ap_block_pp0_stage0_subdone_grp14_done_reg_iter0  |  1|   0|    1|          0|
    |ap_block_pp0_stage0_subdone_grp15_done_reg_iter0  |  1|   0|    1|          0|
    |ap_block_pp0_stage0_subdone_grp16_done_reg_iter0  |  1|   0|    1|          0|
    |ap_block_pp0_stage0_subdone_grp17_done_reg_iter0  |  1|   0|    1|          0|
    |ap_block_pp0_stage0_subdone_grp18_done_reg_iter0  |  1|   0|    1|          0|
    |ap_block_pp0_stage0_subdone_grp19_done_reg_iter0  |  1|   0|    1|          0|
    |ap_block_pp0_stage0_subdone_grp1_done_reg_iter0   |  1|   0|    1|          0|
    |ap_block_pp0_stage0_subdone_grp20_done_reg_iter0  |  1|   0|    1|          0|
    |ap_block_pp0_stage0_subdone_grp21_done_reg_iter0  |  1|   0|    1|          0|
    |ap_block_pp0_stage0_subdone_grp22_done_reg_iter0  |  1|   0|    1|          0|
    |ap_block_pp0_stage0_subdone_grp23_done_reg_iter0  |  1|   0|    1|          0|
    |ap_block_pp0_stage0_subdone_grp24_done_reg_iter0  |  1|   0|    1|          0|
    |ap_block_pp0_stage0_subdone_grp25_done_reg        |  1|   0|    1|          0|
    |ap_block_pp0_stage0_subdone_grp25_done_reg_iter0  |  1|   0|    1|          0|
    |ap_block_pp0_stage0_subdone_grp26_done_reg        |  1|   0|    1|          0|
    |ap_block_pp0_stage0_subdone_grp26_done_reg_iter0  |  1|   0|    1|          0|
    |ap_block_pp0_stage0_subdone_grp27_done_reg        |  1|   0|    1|          0|
    |ap_block_pp0_stage0_subdone_grp27_done_reg_iter0  |  1|   0|    1|          0|
    |ap_block_pp0_stage0_subdone_grp28_done_reg        |  1|   0|    1|          0|
    |ap_block_pp0_stage0_subdone_grp28_done_reg_iter0  |  1|   0|    1|          0|
    |ap_block_pp0_stage0_subdone_grp29_done_reg        |  1|   0|    1|          0|
    |ap_block_pp0_stage0_subdone_grp29_done_reg_iter0  |  1|   0|    1|          0|
    |ap_block_pp0_stage0_subdone_grp2_done_reg_iter0   |  1|   0|    1|          0|
    |ap_block_pp0_stage0_subdone_grp30_done_reg        |  1|   0|    1|          0|
    |ap_block_pp0_stage0_subdone_grp30_done_reg_iter0  |  1|   0|    1|          0|
    |ap_block_pp0_stage0_subdone_grp31_done_reg        |  1|   0|    1|          0|
    |ap_block_pp0_stage0_subdone_grp31_done_reg_iter0  |  1|   0|    1|          0|
    |ap_block_pp0_stage0_subdone_grp32_done_reg        |  1|   0|    1|          0|
    |ap_block_pp0_stage0_subdone_grp32_done_reg_iter0  |  1|   0|    1|          0|
    |ap_block_pp0_stage0_subdone_grp33_done_reg        |  1|   0|    1|          0|
    |ap_block_pp0_stage0_subdone_grp33_done_reg_iter0  |  1|   0|    1|          0|
    |ap_block_pp0_stage0_subdone_grp34_done_reg        |  1|   0|    1|          0|
    |ap_block_pp0_stage0_subdone_grp34_done_reg_iter0  |  1|   0|    1|          0|
    |ap_block_pp0_stage0_subdone_grp35_done_reg        |  1|   0|    1|          0|
    |ap_block_pp0_stage0_subdone_grp35_done_reg_iter0  |  1|   0|    1|          0|
    |ap_block_pp0_stage0_subdone_grp36_done_reg        |  1|   0|    1|          0|
    |ap_block_pp0_stage0_subdone_grp36_done_reg_iter0  |  1|   0|    1|          0|
    |ap_block_pp0_stage0_subdone_grp37_done_reg        |  1|   0|    1|          0|
    |ap_block_pp0_stage0_subdone_grp37_done_reg_iter0  |  1|   0|    1|          0|
    |ap_block_pp0_stage0_subdone_grp38_done_reg        |  1|   0|    1|          0|
    |ap_block_pp0_stage0_subdone_grp38_done_reg_iter0  |  1|   0|    1|          0|
    |ap_block_pp0_stage0_subdone_grp39_done_reg        |  1|   0|    1|          0|
    |ap_block_pp0_stage0_subdone_grp39_done_reg_iter0  |  1|   0|    1|          0|
    |ap_block_pp0_stage0_subdone_grp3_done_reg_iter0   |  1|   0|    1|          0|
    |ap_block_pp0_stage0_subdone_grp40_done_reg        |  1|   0|    1|          0|
    |ap_block_pp0_stage0_subdone_grp40_done_reg_iter0  |  1|   0|    1|          0|
    |ap_block_pp0_stage0_subdone_grp41_done_reg        |  1|   0|    1|          0|
    |ap_block_pp0_stage0_subdone_grp41_done_reg_iter0  |  1|   0|    1|          0|
    |ap_block_pp0_stage0_subdone_grp42_done_reg        |  1|   0|    1|          0|
    |ap_block_pp0_stage0_subdone_grp42_done_reg_iter0  |  1|   0|    1|          0|
    |ap_block_pp0_stage0_subdone_grp43_done_reg        |  1|   0|    1|          0|
    |ap_block_pp0_stage0_subdone_grp43_done_reg_iter0  |  1|   0|    1|          0|
    |ap_block_pp0_stage0_subdone_grp44_done_reg        |  1|   0|    1|          0|
    |ap_block_pp0_stage0_subdone_grp44_done_reg_iter0  |  1|   0|    1|          0|
    |ap_block_pp0_stage0_subdone_grp45_done_reg        |  1|   0|    1|          0|
    |ap_block_pp0_stage0_subdone_grp45_done_reg_iter0  |  1|   0|    1|          0|
    |ap_block_pp0_stage0_subdone_grp46_done_reg        |  1|   0|    1|          0|
    |ap_block_pp0_stage0_subdone_grp46_done_reg_iter0  |  1|   0|    1|          0|
    |ap_block_pp0_stage0_subdone_grp47_done_reg        |  1|   0|    1|          0|
    |ap_block_pp0_stage0_subdone_grp47_done_reg_iter0  |  1|   0|    1|          0|
    |ap_block_pp0_stage0_subdone_grp48_done_reg        |  1|   0|    1|          0|
    |ap_block_pp0_stage0_subdone_grp48_done_reg_iter0  |  1|   0|    1|          0|
    |ap_block_pp0_stage0_subdone_grp49_done_reg        |  1|   0|    1|          0|
    |ap_block_pp0_stage0_subdone_grp49_done_reg_iter0  |  1|   0|    1|          0|
    |ap_block_pp0_stage0_subdone_grp4_done_reg_iter0   |  1|   0|    1|          0|
    |ap_block_pp0_stage0_subdone_grp50_done_reg        |  1|   0|    1|          0|
    |ap_block_pp0_stage0_subdone_grp50_done_reg_iter0  |  1|   0|    1|          0|
    |ap_block_pp0_stage0_subdone_grp51_done_reg        |  1|   0|    1|          0|
    |ap_block_pp0_stage0_subdone_grp51_done_reg_iter0  |  1|   0|    1|          0|
    |ap_block_pp0_stage0_subdone_grp52_done_reg        |  1|   0|    1|          0|
    |ap_block_pp0_stage0_subdone_grp52_done_reg_iter0  |  1|   0|    1|          0|
    |ap_block_pp0_stage0_subdone_grp53_done_reg        |  1|   0|    1|          0|
    |ap_block_pp0_stage0_subdone_grp53_done_reg_iter0  |  1|   0|    1|          0|
    |ap_block_pp0_stage0_subdone_grp54_done_reg        |  1|   0|    1|          0|
    |ap_block_pp0_stage0_subdone_grp54_done_reg_iter0  |  1|   0|    1|          0|
    |ap_block_pp0_stage0_subdone_grp55_done_reg        |  1|   0|    1|          0|
    |ap_block_pp0_stage0_subdone_grp55_done_reg_iter0  |  1|   0|    1|          0|
    |ap_block_pp0_stage0_subdone_grp56_done_reg        |  1|   0|    1|          0|
    |ap_block_pp0_stage0_subdone_grp56_done_reg_iter0  |  1|   0|    1|          0|
    |ap_block_pp0_stage0_subdone_grp57_done_reg        |  1|   0|    1|          0|
    |ap_block_pp0_stage0_subdone_grp57_done_reg_iter0  |  1|   0|    1|          0|
    |ap_block_pp0_stage0_subdone_grp58_done_reg        |  1|   0|    1|          0|
    |ap_block_pp0_stage0_subdone_grp58_done_reg_iter0  |  1|   0|    1|          0|
    |ap_block_pp0_stage0_subdone_grp59_done_reg        |  1|   0|    1|          0|
    |ap_block_pp0_stage0_subdone_grp59_done_reg_iter0  |  1|   0|    1|          0|
    |ap_block_pp0_stage0_subdone_grp5_done_reg_iter0   |  1|   0|    1|          0|
    |ap_block_pp0_stage0_subdone_grp60_done_reg        |  1|   0|    1|          0|
    |ap_block_pp0_stage0_subdone_grp60_done_reg_iter0  |  1|   0|    1|          0|
    |ap_block_pp0_stage0_subdone_grp61_done_reg        |  1|   0|    1|          0|
    |ap_block_pp0_stage0_subdone_grp61_done_reg_iter0  |  1|   0|    1|          0|
    |ap_block_pp0_stage0_subdone_grp62_done_reg        |  1|   0|    1|          0|
    |ap_block_pp0_stage0_subdone_grp62_done_reg_iter0  |  1|   0|    1|          0|
    |ap_block_pp0_stage0_subdone_grp63_done_reg        |  1|   0|    1|          0|
    |ap_block_pp0_stage0_subdone_grp63_done_reg_iter0  |  1|   0|    1|          0|
    |ap_block_pp0_stage0_subdone_grp64_done_reg        |  1|   0|    1|          0|
    |ap_block_pp0_stage0_subdone_grp64_done_reg_iter0  |  1|   0|    1|          0|
    |ap_block_pp0_stage0_subdone_grp65_done_reg        |  1|   0|    1|          0|
    |ap_block_pp0_stage0_subdone_grp65_done_reg_iter0  |  1|   0|    1|          0|
    |ap_block_pp0_stage0_subdone_grp66_done_reg        |  1|   0|    1|          0|
    |ap_block_pp0_stage0_subdone_grp66_done_reg_iter0  |  1|   0|    1|          0|
    |ap_block_pp0_stage0_subdone_grp67_done_reg        |  1|   0|    1|          0|
    |ap_block_pp0_stage0_subdone_grp67_done_reg_iter0  |  1|   0|    1|          0|
    |ap_block_pp0_stage0_subdone_grp68_done_reg        |  1|   0|    1|          0|
    |ap_block_pp0_stage0_subdone_grp68_done_reg_iter0  |  1|   0|    1|          0|
    |ap_block_pp0_stage0_subdone_grp69_done_reg        |  1|   0|    1|          0|
    |ap_block_pp0_stage0_subdone_grp69_done_reg_iter0  |  1|   0|    1|          0|
    |ap_block_pp0_stage0_subdone_grp6_done_reg_iter0   |  1|   0|    1|          0|
    |ap_block_pp0_stage0_subdone_grp70_done_reg        |  1|   0|    1|          0|
    |ap_block_pp0_stage0_subdone_grp70_done_reg_iter0  |  1|   0|    1|          0|
    |ap_block_pp0_stage0_subdone_grp71_done_reg        |  1|   0|    1|          0|
    |ap_block_pp0_stage0_subdone_grp71_done_reg_iter0  |  1|   0|    1|          0|
    |ap_block_pp0_stage0_subdone_grp72_done_reg        |  1|   0|    1|          0|
    |ap_block_pp0_stage0_subdone_grp72_done_reg_iter0  |  1|   0|    1|          0|
    |ap_block_pp0_stage0_subdone_grp73_done_reg        |  1|   0|    1|          0|
    |ap_block_pp0_stage0_subdone_grp73_done_reg_iter0  |  1|   0|    1|          0|
    |ap_block_pp0_stage0_subdone_grp74_done_reg        |  1|   0|    1|          0|
    |ap_block_pp0_stage0_subdone_grp74_done_reg_iter0  |  1|   0|    1|          0|
    |ap_block_pp0_stage0_subdone_grp75_done_reg        |  1|   0|    1|          0|
    |ap_block_pp0_stage0_subdone_grp75_done_reg_iter0  |  1|   0|    1|          0|
    |ap_block_pp0_stage0_subdone_grp76_done_reg        |  1|   0|    1|          0|
    |ap_block_pp0_stage0_subdone_grp76_done_reg_iter0  |  1|   0|    1|          0|
    |ap_block_pp0_stage0_subdone_grp77_done_reg        |  1|   0|    1|          0|
    |ap_block_pp0_stage0_subdone_grp77_done_reg_iter0  |  1|   0|    1|          0|
    |ap_block_pp0_stage0_subdone_grp78_done_reg        |  1|   0|    1|          0|
    |ap_block_pp0_stage0_subdone_grp78_done_reg_iter0  |  1|   0|    1|          0|
    |ap_block_pp0_stage0_subdone_grp7_done_reg_iter0   |  1|   0|    1|          0|
    |ap_block_pp0_stage0_subdone_grp8_done_reg_iter0   |  1|   0|    1|          0|
    |ap_block_pp0_stage0_subdone_grp9_done_reg_iter0   |  1|   0|    1|          0|
    |ap_done_reg                                       |  1|   0|    1|          0|
    |ap_enable_reg_pp0_iter1                           |  1|   0|    1|          0|
    |ap_loop_exit_ready_pp0_iter1_reg                  |  1|   0|    1|          0|
    |s1_fu_196                                         |  3|   0|    3|          0|
    |s1_load_reg_816                                   |  3|   0|    3|          0|
    |start_once_reg                                    |  1|   0|    1|          0|
    +--------------------------------------------------+---+----+-----+-----------+
    |Total                                             |143|   0|  143|          0|
    +--------------------------------------------------+---+----+-----+-----------+



================================================================
== Interface
================================================================
* Summary: 
+------------------------------------+-----+-----+------------+---------------------------+--------------+
|              RTL Ports             | Dir | Bits|  Protocol  |       Source Object       |    C Type    |
+------------------------------------+-----+-----+------------+---------------------------+--------------+
|ap_clk                              |   in|    1|  ap_ctrl_hs|  conv2d_3_stream_layer<9u>|  return value|
|ap_rst                              |   in|    1|  ap_ctrl_hs|  conv2d_3_stream_layer<9u>|  return value|
|ap_start                            |   in|    1|  ap_ctrl_hs|  conv2d_3_stream_layer<9u>|  return value|
|start_full_n                        |   in|    1|  ap_ctrl_hs|  conv2d_3_stream_layer<9u>|  return value|
|ap_done                             |  out|    1|  ap_ctrl_hs|  conv2d_3_stream_layer<9u>|  return value|
|ap_continue                         |   in|    1|  ap_ctrl_hs|  conv2d_3_stream_layer<9u>|  return value|
|ap_idle                             |  out|    1|  ap_ctrl_hs|  conv2d_3_stream_layer<9u>|  return value|
|ap_ready                            |  out|    1|  ap_ctrl_hs|  conv2d_3_stream_layer<9u>|  return value|
|start_out                           |  out|    1|  ap_ctrl_hs|  conv2d_3_stream_layer<9u>|  return value|
|start_write                         |  out|    1|  ap_ctrl_hs|  conv2d_3_stream_layer<9u>|  return value|
|proj_embedding3_0_0_dout            |   in|  256|     ap_fifo|        proj_embedding3_0_0|       pointer|
|proj_embedding3_0_0_empty_n         |   in|    1|     ap_fifo|        proj_embedding3_0_0|       pointer|
|proj_embedding3_0_0_read            |  out|    1|     ap_fifo|        proj_embedding3_0_0|       pointer|
|proj_embedding3_0_0_num_data_valid  |   in|    3|     ap_fifo|        proj_embedding3_0_0|       pointer|
|proj_embedding3_0_0_fifo_cap        |   in|    3|     ap_fifo|        proj_embedding3_0_0|       pointer|
|proj_embedding3_1_0_dout            |   in|  256|     ap_fifo|        proj_embedding3_1_0|       pointer|
|proj_embedding3_1_0_empty_n         |   in|    1|     ap_fifo|        proj_embedding3_1_0|       pointer|
|proj_embedding3_1_0_read            |  out|    1|     ap_fifo|        proj_embedding3_1_0|       pointer|
|proj_embedding3_1_0_num_data_valid  |   in|    3|     ap_fifo|        proj_embedding3_1_0|       pointer|
|proj_embedding3_1_0_fifo_cap        |   in|    3|     ap_fifo|        proj_embedding3_1_0|       pointer|
|proj_embedding3_2_0_dout            |   in|  256|     ap_fifo|        proj_embedding3_2_0|       pointer|
|proj_embedding3_2_0_empty_n         |   in|    1|     ap_fifo|        proj_embedding3_2_0|       pointer|
|proj_embedding3_2_0_read            |  out|    1|     ap_fifo|        proj_embedding3_2_0|       pointer|
|proj_embedding3_2_0_num_data_valid  |   in|    3|     ap_fifo|        proj_embedding3_2_0|       pointer|
|proj_embedding3_2_0_fifo_cap        |   in|    3|     ap_fifo|        proj_embedding3_2_0|       pointer|
|proj_embedding3_3_0_dout            |   in|  256|     ap_fifo|        proj_embedding3_3_0|       pointer|
|proj_embedding3_3_0_empty_n         |   in|    1|     ap_fifo|        proj_embedding3_3_0|       pointer|
|proj_embedding3_3_0_read            |  out|    1|     ap_fifo|        proj_embedding3_3_0|       pointer|
|proj_embedding3_3_0_num_data_valid  |   in|    3|     ap_fifo|        proj_embedding3_3_0|       pointer|
|proj_embedding3_3_0_fifo_cap        |   in|    3|     ap_fifo|        proj_embedding3_3_0|       pointer|
|proj_embedding3_4_0_dout            |   in|  256|     ap_fifo|        proj_embedding3_4_0|       pointer|
|proj_embedding3_4_0_empty_n         |   in|    1|     ap_fifo|        proj_embedding3_4_0|       pointer|
|proj_embedding3_4_0_read            |  out|    1|     ap_fifo|        proj_embedding3_4_0|       pointer|
|proj_embedding3_4_0_num_data_valid  |   in|    3|     ap_fifo|        proj_embedding3_4_0|       pointer|
|proj_embedding3_4_0_fifo_cap        |   in|    3|     ap_fifo|        proj_embedding3_4_0|       pointer|
|proj_embedding3_5_0_dout            |   in|  256|     ap_fifo|        proj_embedding3_5_0|       pointer|
|proj_embedding3_5_0_empty_n         |   in|    1|     ap_fifo|        proj_embedding3_5_0|       pointer|
|proj_embedding3_5_0_read            |  out|    1|     ap_fifo|        proj_embedding3_5_0|       pointer|
|proj_embedding3_5_0_num_data_valid  |   in|    3|     ap_fifo|        proj_embedding3_5_0|       pointer|
|proj_embedding3_5_0_fifo_cap        |   in|    3|     ap_fifo|        proj_embedding3_5_0|       pointer|
|proj_embedding3_6_0_dout            |   in|  256|     ap_fifo|        proj_embedding3_6_0|       pointer|
|proj_embedding3_6_0_empty_n         |   in|    1|     ap_fifo|        proj_embedding3_6_0|       pointer|
|proj_embedding3_6_0_read            |  out|    1|     ap_fifo|        proj_embedding3_6_0|       pointer|
|proj_embedding3_6_0_num_data_valid  |   in|    3|     ap_fifo|        proj_embedding3_6_0|       pointer|
|proj_embedding3_6_0_fifo_cap        |   in|    3|     ap_fifo|        proj_embedding3_6_0|       pointer|
|proj_embedding3_7_0_dout            |   in|  256|     ap_fifo|        proj_embedding3_7_0|       pointer|
|proj_embedding3_7_0_empty_n         |   in|    1|     ap_fifo|        proj_embedding3_7_0|       pointer|
|proj_embedding3_7_0_read            |  out|    1|     ap_fifo|        proj_embedding3_7_0|       pointer|
|proj_embedding3_7_0_num_data_valid  |   in|    3|     ap_fifo|        proj_embedding3_7_0|       pointer|
|proj_embedding3_7_0_fifo_cap        |   in|    3|     ap_fifo|        proj_embedding3_7_0|       pointer|
|proj_embedding3_0_1_dout            |   in|  256|     ap_fifo|        proj_embedding3_0_1|       pointer|
|proj_embedding3_0_1_empty_n         |   in|    1|     ap_fifo|        proj_embedding3_0_1|       pointer|
|proj_embedding3_0_1_read            |  out|    1|     ap_fifo|        proj_embedding3_0_1|       pointer|
|proj_embedding3_0_1_num_data_valid  |   in|    3|     ap_fifo|        proj_embedding3_0_1|       pointer|
|proj_embedding3_0_1_fifo_cap        |   in|    3|     ap_fifo|        proj_embedding3_0_1|       pointer|
|proj_embedding3_1_1_dout            |   in|  256|     ap_fifo|        proj_embedding3_1_1|       pointer|
|proj_embedding3_1_1_empty_n         |   in|    1|     ap_fifo|        proj_embedding3_1_1|       pointer|
|proj_embedding3_1_1_read            |  out|    1|     ap_fifo|        proj_embedding3_1_1|       pointer|
|proj_embedding3_1_1_num_data_valid  |   in|    3|     ap_fifo|        proj_embedding3_1_1|       pointer|
|proj_embedding3_1_1_fifo_cap        |   in|    3|     ap_fifo|        proj_embedding3_1_1|       pointer|
|proj_embedding3_2_1_dout            |   in|  256|     ap_fifo|        proj_embedding3_2_1|       pointer|
|proj_embedding3_2_1_empty_n         |   in|    1|     ap_fifo|        proj_embedding3_2_1|       pointer|
|proj_embedding3_2_1_read            |  out|    1|     ap_fifo|        proj_embedding3_2_1|       pointer|
|proj_embedding3_2_1_num_data_valid  |   in|    3|     ap_fifo|        proj_embedding3_2_1|       pointer|
|proj_embedding3_2_1_fifo_cap        |   in|    3|     ap_fifo|        proj_embedding3_2_1|       pointer|
|proj_embedding3_3_1_dout            |   in|  256|     ap_fifo|        proj_embedding3_3_1|       pointer|
|proj_embedding3_3_1_empty_n         |   in|    1|     ap_fifo|        proj_embedding3_3_1|       pointer|
|proj_embedding3_3_1_read            |  out|    1|     ap_fifo|        proj_embedding3_3_1|       pointer|
|proj_embedding3_3_1_num_data_valid  |   in|    3|     ap_fifo|        proj_embedding3_3_1|       pointer|
|proj_embedding3_3_1_fifo_cap        |   in|    3|     ap_fifo|        proj_embedding3_3_1|       pointer|
|proj_embedding3_4_1_dout            |   in|  256|     ap_fifo|        proj_embedding3_4_1|       pointer|
|proj_embedding3_4_1_empty_n         |   in|    1|     ap_fifo|        proj_embedding3_4_1|       pointer|
|proj_embedding3_4_1_read            |  out|    1|     ap_fifo|        proj_embedding3_4_1|       pointer|
|proj_embedding3_4_1_num_data_valid  |   in|    3|     ap_fifo|        proj_embedding3_4_1|       pointer|
|proj_embedding3_4_1_fifo_cap        |   in|    3|     ap_fifo|        proj_embedding3_4_1|       pointer|
|proj_embedding3_5_1_dout            |   in|  256|     ap_fifo|        proj_embedding3_5_1|       pointer|
|proj_embedding3_5_1_empty_n         |   in|    1|     ap_fifo|        proj_embedding3_5_1|       pointer|
|proj_embedding3_5_1_read            |  out|    1|     ap_fifo|        proj_embedding3_5_1|       pointer|
|proj_embedding3_5_1_num_data_valid  |   in|    3|     ap_fifo|        proj_embedding3_5_1|       pointer|
|proj_embedding3_5_1_fifo_cap        |   in|    3|     ap_fifo|        proj_embedding3_5_1|       pointer|
|proj_embedding3_6_1_dout            |   in|  256|     ap_fifo|        proj_embedding3_6_1|       pointer|
|proj_embedding3_6_1_empty_n         |   in|    1|     ap_fifo|        proj_embedding3_6_1|       pointer|
|proj_embedding3_6_1_read            |  out|    1|     ap_fifo|        proj_embedding3_6_1|       pointer|
|proj_embedding3_6_1_num_data_valid  |   in|    3|     ap_fifo|        proj_embedding3_6_1|       pointer|
|proj_embedding3_6_1_fifo_cap        |   in|    3|     ap_fifo|        proj_embedding3_6_1|       pointer|
|proj_embedding3_7_1_dout            |   in|  256|     ap_fifo|        proj_embedding3_7_1|       pointer|
|proj_embedding3_7_1_empty_n         |   in|    1|     ap_fifo|        proj_embedding3_7_1|       pointer|
|proj_embedding3_7_1_read            |  out|    1|     ap_fifo|        proj_embedding3_7_1|       pointer|
|proj_embedding3_7_1_num_data_valid  |   in|    3|     ap_fifo|        proj_embedding3_7_1|       pointer|
|proj_embedding3_7_1_fifo_cap        |   in|    3|     ap_fifo|        proj_embedding3_7_1|       pointer|
|proj_embedding3_0_2_dout            |   in|  256|     ap_fifo|        proj_embedding3_0_2|       pointer|
|proj_embedding3_0_2_empty_n         |   in|    1|     ap_fifo|        proj_embedding3_0_2|       pointer|
|proj_embedding3_0_2_read            |  out|    1|     ap_fifo|        proj_embedding3_0_2|       pointer|
|proj_embedding3_0_2_num_data_valid  |   in|    3|     ap_fifo|        proj_embedding3_0_2|       pointer|
|proj_embedding3_0_2_fifo_cap        |   in|    3|     ap_fifo|        proj_embedding3_0_2|       pointer|
|proj_embedding3_1_2_dout            |   in|  256|     ap_fifo|        proj_embedding3_1_2|       pointer|
|proj_embedding3_1_2_empty_n         |   in|    1|     ap_fifo|        proj_embedding3_1_2|       pointer|
|proj_embedding3_1_2_read            |  out|    1|     ap_fifo|        proj_embedding3_1_2|       pointer|
|proj_embedding3_1_2_num_data_valid  |   in|    3|     ap_fifo|        proj_embedding3_1_2|       pointer|
|proj_embedding3_1_2_fifo_cap        |   in|    3|     ap_fifo|        proj_embedding3_1_2|       pointer|
|proj_embedding3_2_2_dout            |   in|  256|     ap_fifo|        proj_embedding3_2_2|       pointer|
|proj_embedding3_2_2_empty_n         |   in|    1|     ap_fifo|        proj_embedding3_2_2|       pointer|
|proj_embedding3_2_2_read            |  out|    1|     ap_fifo|        proj_embedding3_2_2|       pointer|
|proj_embedding3_2_2_num_data_valid  |   in|    3|     ap_fifo|        proj_embedding3_2_2|       pointer|
|proj_embedding3_2_2_fifo_cap        |   in|    3|     ap_fifo|        proj_embedding3_2_2|       pointer|
|proj_embedding3_3_2_dout            |   in|  256|     ap_fifo|        proj_embedding3_3_2|       pointer|
|proj_embedding3_3_2_empty_n         |   in|    1|     ap_fifo|        proj_embedding3_3_2|       pointer|
|proj_embedding3_3_2_read            |  out|    1|     ap_fifo|        proj_embedding3_3_2|       pointer|
|proj_embedding3_3_2_num_data_valid  |   in|    3|     ap_fifo|        proj_embedding3_3_2|       pointer|
|proj_embedding3_3_2_fifo_cap        |   in|    3|     ap_fifo|        proj_embedding3_3_2|       pointer|
|proj_embedding3_4_2_dout            |   in|  256|     ap_fifo|        proj_embedding3_4_2|       pointer|
|proj_embedding3_4_2_empty_n         |   in|    1|     ap_fifo|        proj_embedding3_4_2|       pointer|
|proj_embedding3_4_2_read            |  out|    1|     ap_fifo|        proj_embedding3_4_2|       pointer|
|proj_embedding3_4_2_num_data_valid  |   in|    3|     ap_fifo|        proj_embedding3_4_2|       pointer|
|proj_embedding3_4_2_fifo_cap        |   in|    3|     ap_fifo|        proj_embedding3_4_2|       pointer|
|proj_embedding3_5_2_dout            |   in|  256|     ap_fifo|        proj_embedding3_5_2|       pointer|
|proj_embedding3_5_2_empty_n         |   in|    1|     ap_fifo|        proj_embedding3_5_2|       pointer|
|proj_embedding3_5_2_read            |  out|    1|     ap_fifo|        proj_embedding3_5_2|       pointer|
|proj_embedding3_5_2_num_data_valid  |   in|    3|     ap_fifo|        proj_embedding3_5_2|       pointer|
|proj_embedding3_5_2_fifo_cap        |   in|    3|     ap_fifo|        proj_embedding3_5_2|       pointer|
|proj_embedding3_6_2_dout            |   in|  256|     ap_fifo|        proj_embedding3_6_2|       pointer|
|proj_embedding3_6_2_empty_n         |   in|    1|     ap_fifo|        proj_embedding3_6_2|       pointer|
|proj_embedding3_6_2_read            |  out|    1|     ap_fifo|        proj_embedding3_6_2|       pointer|
|proj_embedding3_6_2_num_data_valid  |   in|    3|     ap_fifo|        proj_embedding3_6_2|       pointer|
|proj_embedding3_6_2_fifo_cap        |   in|    3|     ap_fifo|        proj_embedding3_6_2|       pointer|
|proj_embedding3_7_2_dout            |   in|  256|     ap_fifo|        proj_embedding3_7_2|       pointer|
|proj_embedding3_7_2_empty_n         |   in|    1|     ap_fifo|        proj_embedding3_7_2|       pointer|
|proj_embedding3_7_2_read            |  out|    1|     ap_fifo|        proj_embedding3_7_2|       pointer|
|proj_embedding3_7_2_num_data_valid  |   in|    3|     ap_fifo|        proj_embedding3_7_2|       pointer|
|proj_embedding3_7_2_fifo_cap        |   in|    3|     ap_fifo|        proj_embedding3_7_2|       pointer|
|sum_out3_4_0_din                    |  out|   32|     ap_fifo|               sum_out3_4_0|       pointer|
|sum_out3_4_0_full_n                 |   in|    1|     ap_fifo|               sum_out3_4_0|       pointer|
|sum_out3_4_0_write                  |  out|    1|     ap_fifo|               sum_out3_4_0|       pointer|
|sum_out3_4_0_num_data_valid         |   in|   32|     ap_fifo|               sum_out3_4_0|       pointer|
|sum_out3_4_0_fifo_cap               |   in|   32|     ap_fifo|               sum_out3_4_0|       pointer|
|sum_out3_4_1_din                    |  out|   32|     ap_fifo|               sum_out3_4_1|       pointer|
|sum_out3_4_1_full_n                 |   in|    1|     ap_fifo|               sum_out3_4_1|       pointer|
|sum_out3_4_1_write                  |  out|    1|     ap_fifo|               sum_out3_4_1|       pointer|
|sum_out3_4_1_num_data_valid         |   in|   32|     ap_fifo|               sum_out3_4_1|       pointer|
|sum_out3_4_1_fifo_cap               |   in|   32|     ap_fifo|               sum_out3_4_1|       pointer|
|sum_out3_4_2_din                    |  out|   32|     ap_fifo|               sum_out3_4_2|       pointer|
|sum_out3_4_2_full_n                 |   in|    1|     ap_fifo|               sum_out3_4_2|       pointer|
|sum_out3_4_2_write                  |  out|    1|     ap_fifo|               sum_out3_4_2|       pointer|
|sum_out3_4_2_num_data_valid         |   in|   32|     ap_fifo|               sum_out3_4_2|       pointer|
|sum_out3_4_2_fifo_cap               |   in|   32|     ap_fifo|               sum_out3_4_2|       pointer|
|sum_out3_4_3_din                    |  out|   32|     ap_fifo|               sum_out3_4_3|       pointer|
|sum_out3_4_3_full_n                 |   in|    1|     ap_fifo|               sum_out3_4_3|       pointer|
|sum_out3_4_3_write                  |  out|    1|     ap_fifo|               sum_out3_4_3|       pointer|
|sum_out3_4_3_num_data_valid         |   in|   32|     ap_fifo|               sum_out3_4_3|       pointer|
|sum_out3_4_3_fifo_cap               |   in|   32|     ap_fifo|               sum_out3_4_3|       pointer|
|sum_out3_4_4_din                    |  out|   32|     ap_fifo|               sum_out3_4_4|       pointer|
|sum_out3_4_4_full_n                 |   in|    1|     ap_fifo|               sum_out3_4_4|       pointer|
|sum_out3_4_4_write                  |  out|    1|     ap_fifo|               sum_out3_4_4|       pointer|
|sum_out3_4_4_num_data_valid         |   in|   32|     ap_fifo|               sum_out3_4_4|       pointer|
|sum_out3_4_4_fifo_cap               |   in|   32|     ap_fifo|               sum_out3_4_4|       pointer|
|sum_out3_4_5_din                    |  out|   32|     ap_fifo|               sum_out3_4_5|       pointer|
|sum_out3_4_5_full_n                 |   in|    1|     ap_fifo|               sum_out3_4_5|       pointer|
|sum_out3_4_5_write                  |  out|    1|     ap_fifo|               sum_out3_4_5|       pointer|
|sum_out3_4_5_num_data_valid         |   in|   32|     ap_fifo|               sum_out3_4_5|       pointer|
|sum_out3_4_5_fifo_cap               |   in|   32|     ap_fifo|               sum_out3_4_5|       pointer|
|sum_out3_5_0_din                    |  out|   32|     ap_fifo|               sum_out3_5_0|       pointer|
|sum_out3_5_0_full_n                 |   in|    1|     ap_fifo|               sum_out3_5_0|       pointer|
|sum_out3_5_0_write                  |  out|    1|     ap_fifo|               sum_out3_5_0|       pointer|
|sum_out3_5_0_num_data_valid         |   in|   32|     ap_fifo|               sum_out3_5_0|       pointer|
|sum_out3_5_0_fifo_cap               |   in|   32|     ap_fifo|               sum_out3_5_0|       pointer|
|sum_out3_5_1_din                    |  out|   32|     ap_fifo|               sum_out3_5_1|       pointer|
|sum_out3_5_1_full_n                 |   in|    1|     ap_fifo|               sum_out3_5_1|       pointer|
|sum_out3_5_1_write                  |  out|    1|     ap_fifo|               sum_out3_5_1|       pointer|
|sum_out3_5_1_num_data_valid         |   in|   32|     ap_fifo|               sum_out3_5_1|       pointer|
|sum_out3_5_1_fifo_cap               |   in|   32|     ap_fifo|               sum_out3_5_1|       pointer|
|sum_out3_5_2_din                    |  out|   32|     ap_fifo|               sum_out3_5_2|       pointer|
|sum_out3_5_2_full_n                 |   in|    1|     ap_fifo|               sum_out3_5_2|       pointer|
|sum_out3_5_2_write                  |  out|    1|     ap_fifo|               sum_out3_5_2|       pointer|
|sum_out3_5_2_num_data_valid         |   in|   32|     ap_fifo|               sum_out3_5_2|       pointer|
|sum_out3_5_2_fifo_cap               |   in|   32|     ap_fifo|               sum_out3_5_2|       pointer|
|sum_out3_5_3_din                    |  out|   32|     ap_fifo|               sum_out3_5_3|       pointer|
|sum_out3_5_3_full_n                 |   in|    1|     ap_fifo|               sum_out3_5_3|       pointer|
|sum_out3_5_3_write                  |  out|    1|     ap_fifo|               sum_out3_5_3|       pointer|
|sum_out3_5_3_num_data_valid         |   in|   32|     ap_fifo|               sum_out3_5_3|       pointer|
|sum_out3_5_3_fifo_cap               |   in|   32|     ap_fifo|               sum_out3_5_3|       pointer|
|sum_out3_5_4_din                    |  out|   32|     ap_fifo|               sum_out3_5_4|       pointer|
|sum_out3_5_4_full_n                 |   in|    1|     ap_fifo|               sum_out3_5_4|       pointer|
|sum_out3_5_4_write                  |  out|    1|     ap_fifo|               sum_out3_5_4|       pointer|
|sum_out3_5_4_num_data_valid         |   in|   32|     ap_fifo|               sum_out3_5_4|       pointer|
|sum_out3_5_4_fifo_cap               |   in|   32|     ap_fifo|               sum_out3_5_4|       pointer|
|sum_out3_5_5_din                    |  out|   32|     ap_fifo|               sum_out3_5_5|       pointer|
|sum_out3_5_5_full_n                 |   in|    1|     ap_fifo|               sum_out3_5_5|       pointer|
|sum_out3_5_5_write                  |  out|    1|     ap_fifo|               sum_out3_5_5|       pointer|
|sum_out3_5_5_num_data_valid         |   in|   32|     ap_fifo|               sum_out3_5_5|       pointer|
|sum_out3_5_5_fifo_cap               |   in|   32|     ap_fifo|               sum_out3_5_5|       pointer|
|sum_out3_6_0_din                    |  out|   32|     ap_fifo|               sum_out3_6_0|       pointer|
|sum_out3_6_0_full_n                 |   in|    1|     ap_fifo|               sum_out3_6_0|       pointer|
|sum_out3_6_0_write                  |  out|    1|     ap_fifo|               sum_out3_6_0|       pointer|
|sum_out3_6_0_num_data_valid         |   in|   32|     ap_fifo|               sum_out3_6_0|       pointer|
|sum_out3_6_0_fifo_cap               |   in|   32|     ap_fifo|               sum_out3_6_0|       pointer|
|sum_out3_6_1_din                    |  out|   32|     ap_fifo|               sum_out3_6_1|       pointer|
|sum_out3_6_1_full_n                 |   in|    1|     ap_fifo|               sum_out3_6_1|       pointer|
|sum_out3_6_1_write                  |  out|    1|     ap_fifo|               sum_out3_6_1|       pointer|
|sum_out3_6_1_num_data_valid         |   in|   32|     ap_fifo|               sum_out3_6_1|       pointer|
|sum_out3_6_1_fifo_cap               |   in|   32|     ap_fifo|               sum_out3_6_1|       pointer|
|sum_out3_6_2_din                    |  out|   32|     ap_fifo|               sum_out3_6_2|       pointer|
|sum_out3_6_2_full_n                 |   in|    1|     ap_fifo|               sum_out3_6_2|       pointer|
|sum_out3_6_2_write                  |  out|    1|     ap_fifo|               sum_out3_6_2|       pointer|
|sum_out3_6_2_num_data_valid         |   in|   32|     ap_fifo|               sum_out3_6_2|       pointer|
|sum_out3_6_2_fifo_cap               |   in|   32|     ap_fifo|               sum_out3_6_2|       pointer|
|sum_out3_6_3_din                    |  out|   32|     ap_fifo|               sum_out3_6_3|       pointer|
|sum_out3_6_3_full_n                 |   in|    1|     ap_fifo|               sum_out3_6_3|       pointer|
|sum_out3_6_3_write                  |  out|    1|     ap_fifo|               sum_out3_6_3|       pointer|
|sum_out3_6_3_num_data_valid         |   in|   32|     ap_fifo|               sum_out3_6_3|       pointer|
|sum_out3_6_3_fifo_cap               |   in|   32|     ap_fifo|               sum_out3_6_3|       pointer|
|sum_out3_6_4_din                    |  out|   32|     ap_fifo|               sum_out3_6_4|       pointer|
|sum_out3_6_4_full_n                 |   in|    1|     ap_fifo|               sum_out3_6_4|       pointer|
|sum_out3_6_4_write                  |  out|    1|     ap_fifo|               sum_out3_6_4|       pointer|
|sum_out3_6_4_num_data_valid         |   in|   32|     ap_fifo|               sum_out3_6_4|       pointer|
|sum_out3_6_4_fifo_cap               |   in|   32|     ap_fifo|               sum_out3_6_4|       pointer|
|sum_out3_6_5_din                    |  out|   32|     ap_fifo|               sum_out3_6_5|       pointer|
|sum_out3_6_5_full_n                 |   in|    1|     ap_fifo|               sum_out3_6_5|       pointer|
|sum_out3_6_5_write                  |  out|    1|     ap_fifo|               sum_out3_6_5|       pointer|
|sum_out3_6_5_num_data_valid         |   in|   32|     ap_fifo|               sum_out3_6_5|       pointer|
|sum_out3_6_5_fifo_cap               |   in|   32|     ap_fifo|               sum_out3_6_5|       pointer|
|sum_out3_3_0_din                    |  out|   32|     ap_fifo|               sum_out3_3_0|       pointer|
|sum_out3_3_0_full_n                 |   in|    1|     ap_fifo|               sum_out3_3_0|       pointer|
|sum_out3_3_0_write                  |  out|    1|     ap_fifo|               sum_out3_3_0|       pointer|
|sum_out3_3_0_num_data_valid         |   in|   32|     ap_fifo|               sum_out3_3_0|       pointer|
|sum_out3_3_0_fifo_cap               |   in|   32|     ap_fifo|               sum_out3_3_0|       pointer|
|sum_out3_3_1_din                    |  out|   32|     ap_fifo|               sum_out3_3_1|       pointer|
|sum_out3_3_1_full_n                 |   in|    1|     ap_fifo|               sum_out3_3_1|       pointer|
|sum_out3_3_1_write                  |  out|    1|     ap_fifo|               sum_out3_3_1|       pointer|
|sum_out3_3_1_num_data_valid         |   in|   32|     ap_fifo|               sum_out3_3_1|       pointer|
|sum_out3_3_1_fifo_cap               |   in|   32|     ap_fifo|               sum_out3_3_1|       pointer|
|sum_out3_3_2_din                    |  out|   32|     ap_fifo|               sum_out3_3_2|       pointer|
|sum_out3_3_2_full_n                 |   in|    1|     ap_fifo|               sum_out3_3_2|       pointer|
|sum_out3_3_2_write                  |  out|    1|     ap_fifo|               sum_out3_3_2|       pointer|
|sum_out3_3_2_num_data_valid         |   in|   32|     ap_fifo|               sum_out3_3_2|       pointer|
|sum_out3_3_2_fifo_cap               |   in|   32|     ap_fifo|               sum_out3_3_2|       pointer|
|sum_out3_3_3_din                    |  out|   32|     ap_fifo|               sum_out3_3_3|       pointer|
|sum_out3_3_3_full_n                 |   in|    1|     ap_fifo|               sum_out3_3_3|       pointer|
|sum_out3_3_3_write                  |  out|    1|     ap_fifo|               sum_out3_3_3|       pointer|
|sum_out3_3_3_num_data_valid         |   in|   32|     ap_fifo|               sum_out3_3_3|       pointer|
|sum_out3_3_3_fifo_cap               |   in|   32|     ap_fifo|               sum_out3_3_3|       pointer|
|sum_out3_3_4_din                    |  out|   32|     ap_fifo|               sum_out3_3_4|       pointer|
|sum_out3_3_4_full_n                 |   in|    1|     ap_fifo|               sum_out3_3_4|       pointer|
|sum_out3_3_4_write                  |  out|    1|     ap_fifo|               sum_out3_3_4|       pointer|
|sum_out3_3_4_num_data_valid         |   in|   32|     ap_fifo|               sum_out3_3_4|       pointer|
|sum_out3_3_4_fifo_cap               |   in|   32|     ap_fifo|               sum_out3_3_4|       pointer|
|sum_out3_3_5_din                    |  out|   32|     ap_fifo|               sum_out3_3_5|       pointer|
|sum_out3_3_5_full_n                 |   in|    1|     ap_fifo|               sum_out3_3_5|       pointer|
|sum_out3_3_5_write                  |  out|    1|     ap_fifo|               sum_out3_3_5|       pointer|
|sum_out3_3_5_num_data_valid         |   in|   32|     ap_fifo|               sum_out3_3_5|       pointer|
|sum_out3_3_5_fifo_cap               |   in|   32|     ap_fifo|               sum_out3_3_5|       pointer|
|sum_out3_7_0_din                    |  out|   32|     ap_fifo|               sum_out3_7_0|       pointer|
|sum_out3_7_0_full_n                 |   in|    1|     ap_fifo|               sum_out3_7_0|       pointer|
|sum_out3_7_0_write                  |  out|    1|     ap_fifo|               sum_out3_7_0|       pointer|
|sum_out3_7_0_num_data_valid         |   in|   32|     ap_fifo|               sum_out3_7_0|       pointer|
|sum_out3_7_0_fifo_cap               |   in|   32|     ap_fifo|               sum_out3_7_0|       pointer|
|sum_out3_7_1_din                    |  out|   32|     ap_fifo|               sum_out3_7_1|       pointer|
|sum_out3_7_1_full_n                 |   in|    1|     ap_fifo|               sum_out3_7_1|       pointer|
|sum_out3_7_1_write                  |  out|    1|     ap_fifo|               sum_out3_7_1|       pointer|
|sum_out3_7_1_num_data_valid         |   in|   32|     ap_fifo|               sum_out3_7_1|       pointer|
|sum_out3_7_1_fifo_cap               |   in|   32|     ap_fifo|               sum_out3_7_1|       pointer|
|sum_out3_7_2_din                    |  out|   32|     ap_fifo|               sum_out3_7_2|       pointer|
|sum_out3_7_2_full_n                 |   in|    1|     ap_fifo|               sum_out3_7_2|       pointer|
|sum_out3_7_2_write                  |  out|    1|     ap_fifo|               sum_out3_7_2|       pointer|
|sum_out3_7_2_num_data_valid         |   in|   32|     ap_fifo|               sum_out3_7_2|       pointer|
|sum_out3_7_2_fifo_cap               |   in|   32|     ap_fifo|               sum_out3_7_2|       pointer|
|sum_out3_7_3_din                    |  out|   32|     ap_fifo|               sum_out3_7_3|       pointer|
|sum_out3_7_3_full_n                 |   in|    1|     ap_fifo|               sum_out3_7_3|       pointer|
|sum_out3_7_3_write                  |  out|    1|     ap_fifo|               sum_out3_7_3|       pointer|
|sum_out3_7_3_num_data_valid         |   in|   32|     ap_fifo|               sum_out3_7_3|       pointer|
|sum_out3_7_3_fifo_cap               |   in|   32|     ap_fifo|               sum_out3_7_3|       pointer|
|sum_out3_7_4_din                    |  out|   32|     ap_fifo|               sum_out3_7_4|       pointer|
|sum_out3_7_4_full_n                 |   in|    1|     ap_fifo|               sum_out3_7_4|       pointer|
|sum_out3_7_4_write                  |  out|    1|     ap_fifo|               sum_out3_7_4|       pointer|
|sum_out3_7_4_num_data_valid         |   in|   32|     ap_fifo|               sum_out3_7_4|       pointer|
|sum_out3_7_4_fifo_cap               |   in|   32|     ap_fifo|               sum_out3_7_4|       pointer|
|sum_out3_7_5_din                    |  out|   32|     ap_fifo|               sum_out3_7_5|       pointer|
|sum_out3_7_5_full_n                 |   in|    1|     ap_fifo|               sum_out3_7_5|       pointer|
|sum_out3_7_5_write                  |  out|    1|     ap_fifo|               sum_out3_7_5|       pointer|
|sum_out3_7_5_num_data_valid         |   in|   32|     ap_fifo|               sum_out3_7_5|       pointer|
|sum_out3_7_5_fifo_cap               |   in|   32|     ap_fifo|               sum_out3_7_5|       pointer|
|sum_out3_1_0_din                    |  out|   32|     ap_fifo|               sum_out3_1_0|       pointer|
|sum_out3_1_0_full_n                 |   in|    1|     ap_fifo|               sum_out3_1_0|       pointer|
|sum_out3_1_0_write                  |  out|    1|     ap_fifo|               sum_out3_1_0|       pointer|
|sum_out3_1_0_num_data_valid         |   in|   32|     ap_fifo|               sum_out3_1_0|       pointer|
|sum_out3_1_0_fifo_cap               |   in|   32|     ap_fifo|               sum_out3_1_0|       pointer|
|sum_out3_1_1_din                    |  out|   32|     ap_fifo|               sum_out3_1_1|       pointer|
|sum_out3_1_1_full_n                 |   in|    1|     ap_fifo|               sum_out3_1_1|       pointer|
|sum_out3_1_1_write                  |  out|    1|     ap_fifo|               sum_out3_1_1|       pointer|
|sum_out3_1_1_num_data_valid         |   in|   32|     ap_fifo|               sum_out3_1_1|       pointer|
|sum_out3_1_1_fifo_cap               |   in|   32|     ap_fifo|               sum_out3_1_1|       pointer|
|sum_out3_1_2_din                    |  out|   32|     ap_fifo|               sum_out3_1_2|       pointer|
|sum_out3_1_2_full_n                 |   in|    1|     ap_fifo|               sum_out3_1_2|       pointer|
|sum_out3_1_2_write                  |  out|    1|     ap_fifo|               sum_out3_1_2|       pointer|
|sum_out3_1_2_num_data_valid         |   in|   32|     ap_fifo|               sum_out3_1_2|       pointer|
|sum_out3_1_2_fifo_cap               |   in|   32|     ap_fifo|               sum_out3_1_2|       pointer|
|sum_out3_1_3_din                    |  out|   32|     ap_fifo|               sum_out3_1_3|       pointer|
|sum_out3_1_3_full_n                 |   in|    1|     ap_fifo|               sum_out3_1_3|       pointer|
|sum_out3_1_3_write                  |  out|    1|     ap_fifo|               sum_out3_1_3|       pointer|
|sum_out3_1_3_num_data_valid         |   in|   32|     ap_fifo|               sum_out3_1_3|       pointer|
|sum_out3_1_3_fifo_cap               |   in|   32|     ap_fifo|               sum_out3_1_3|       pointer|
|sum_out3_1_4_din                    |  out|   32|     ap_fifo|               sum_out3_1_4|       pointer|
|sum_out3_1_4_full_n                 |   in|    1|     ap_fifo|               sum_out3_1_4|       pointer|
|sum_out3_1_4_write                  |  out|    1|     ap_fifo|               sum_out3_1_4|       pointer|
|sum_out3_1_4_num_data_valid         |   in|   32|     ap_fifo|               sum_out3_1_4|       pointer|
|sum_out3_1_4_fifo_cap               |   in|   32|     ap_fifo|               sum_out3_1_4|       pointer|
|sum_out3_1_5_din                    |  out|   32|     ap_fifo|               sum_out3_1_5|       pointer|
|sum_out3_1_5_full_n                 |   in|    1|     ap_fifo|               sum_out3_1_5|       pointer|
|sum_out3_1_5_write                  |  out|    1|     ap_fifo|               sum_out3_1_5|       pointer|
|sum_out3_1_5_num_data_valid         |   in|   32|     ap_fifo|               sum_out3_1_5|       pointer|
|sum_out3_1_5_fifo_cap               |   in|   32|     ap_fifo|               sum_out3_1_5|       pointer|
|sum_out3_2_0_din                    |  out|   32|     ap_fifo|               sum_out3_2_0|       pointer|
|sum_out3_2_0_full_n                 |   in|    1|     ap_fifo|               sum_out3_2_0|       pointer|
|sum_out3_2_0_write                  |  out|    1|     ap_fifo|               sum_out3_2_0|       pointer|
|sum_out3_2_0_num_data_valid         |   in|   32|     ap_fifo|               sum_out3_2_0|       pointer|
|sum_out3_2_0_fifo_cap               |   in|   32|     ap_fifo|               sum_out3_2_0|       pointer|
|sum_out3_2_1_din                    |  out|   32|     ap_fifo|               sum_out3_2_1|       pointer|
|sum_out3_2_1_full_n                 |   in|    1|     ap_fifo|               sum_out3_2_1|       pointer|
|sum_out3_2_1_write                  |  out|    1|     ap_fifo|               sum_out3_2_1|       pointer|
|sum_out3_2_1_num_data_valid         |   in|   32|     ap_fifo|               sum_out3_2_1|       pointer|
|sum_out3_2_1_fifo_cap               |   in|   32|     ap_fifo|               sum_out3_2_1|       pointer|
|sum_out3_2_2_din                    |  out|   32|     ap_fifo|               sum_out3_2_2|       pointer|
|sum_out3_2_2_full_n                 |   in|    1|     ap_fifo|               sum_out3_2_2|       pointer|
|sum_out3_2_2_write                  |  out|    1|     ap_fifo|               sum_out3_2_2|       pointer|
|sum_out3_2_2_num_data_valid         |   in|   32|     ap_fifo|               sum_out3_2_2|       pointer|
|sum_out3_2_2_fifo_cap               |   in|   32|     ap_fifo|               sum_out3_2_2|       pointer|
|sum_out3_2_3_din                    |  out|   32|     ap_fifo|               sum_out3_2_3|       pointer|
|sum_out3_2_3_full_n                 |   in|    1|     ap_fifo|               sum_out3_2_3|       pointer|
|sum_out3_2_3_write                  |  out|    1|     ap_fifo|               sum_out3_2_3|       pointer|
|sum_out3_2_3_num_data_valid         |   in|   32|     ap_fifo|               sum_out3_2_3|       pointer|
|sum_out3_2_3_fifo_cap               |   in|   32|     ap_fifo|               sum_out3_2_3|       pointer|
|sum_out3_2_4_din                    |  out|   32|     ap_fifo|               sum_out3_2_4|       pointer|
|sum_out3_2_4_full_n                 |   in|    1|     ap_fifo|               sum_out3_2_4|       pointer|
|sum_out3_2_4_write                  |  out|    1|     ap_fifo|               sum_out3_2_4|       pointer|
|sum_out3_2_4_num_data_valid         |   in|   32|     ap_fifo|               sum_out3_2_4|       pointer|
|sum_out3_2_4_fifo_cap               |   in|   32|     ap_fifo|               sum_out3_2_4|       pointer|
|sum_out3_2_5_din                    |  out|   32|     ap_fifo|               sum_out3_2_5|       pointer|
|sum_out3_2_5_full_n                 |   in|    1|     ap_fifo|               sum_out3_2_5|       pointer|
|sum_out3_2_5_write                  |  out|    1|     ap_fifo|               sum_out3_2_5|       pointer|
|sum_out3_2_5_num_data_valid         |   in|   32|     ap_fifo|               sum_out3_2_5|       pointer|
|sum_out3_2_5_fifo_cap               |   in|   32|     ap_fifo|               sum_out3_2_5|       pointer|
|sum_out3_0_0_din                    |  out|   32|     ap_fifo|               sum_out3_0_0|       pointer|
|sum_out3_0_0_full_n                 |   in|    1|     ap_fifo|               sum_out3_0_0|       pointer|
|sum_out3_0_0_write                  |  out|    1|     ap_fifo|               sum_out3_0_0|       pointer|
|sum_out3_0_0_num_data_valid         |   in|   32|     ap_fifo|               sum_out3_0_0|       pointer|
|sum_out3_0_0_fifo_cap               |   in|   32|     ap_fifo|               sum_out3_0_0|       pointer|
|sum_out3_0_1_din                    |  out|   32|     ap_fifo|               sum_out3_0_1|       pointer|
|sum_out3_0_1_full_n                 |   in|    1|     ap_fifo|               sum_out3_0_1|       pointer|
|sum_out3_0_1_write                  |  out|    1|     ap_fifo|               sum_out3_0_1|       pointer|
|sum_out3_0_1_num_data_valid         |   in|   32|     ap_fifo|               sum_out3_0_1|       pointer|
|sum_out3_0_1_fifo_cap               |   in|   32|     ap_fifo|               sum_out3_0_1|       pointer|
|sum_out3_0_2_din                    |  out|   32|     ap_fifo|               sum_out3_0_2|       pointer|
|sum_out3_0_2_full_n                 |   in|    1|     ap_fifo|               sum_out3_0_2|       pointer|
|sum_out3_0_2_write                  |  out|    1|     ap_fifo|               sum_out3_0_2|       pointer|
|sum_out3_0_2_num_data_valid         |   in|   32|     ap_fifo|               sum_out3_0_2|       pointer|
|sum_out3_0_2_fifo_cap               |   in|   32|     ap_fifo|               sum_out3_0_2|       pointer|
|sum_out3_0_3_din                    |  out|   32|     ap_fifo|               sum_out3_0_3|       pointer|
|sum_out3_0_3_full_n                 |   in|    1|     ap_fifo|               sum_out3_0_3|       pointer|
|sum_out3_0_3_write                  |  out|    1|     ap_fifo|               sum_out3_0_3|       pointer|
|sum_out3_0_3_num_data_valid         |   in|   32|     ap_fifo|               sum_out3_0_3|       pointer|
|sum_out3_0_3_fifo_cap               |   in|   32|     ap_fifo|               sum_out3_0_3|       pointer|
|sum_out3_0_4_din                    |  out|   32|     ap_fifo|               sum_out3_0_4|       pointer|
|sum_out3_0_4_full_n                 |   in|    1|     ap_fifo|               sum_out3_0_4|       pointer|
|sum_out3_0_4_write                  |  out|    1|     ap_fifo|               sum_out3_0_4|       pointer|
|sum_out3_0_4_num_data_valid         |   in|   32|     ap_fifo|               sum_out3_0_4|       pointer|
|sum_out3_0_4_fifo_cap               |   in|   32|     ap_fifo|               sum_out3_0_4|       pointer|
|sum_out3_0_5_din                    |  out|   32|     ap_fifo|               sum_out3_0_5|       pointer|
|sum_out3_0_5_full_n                 |   in|    1|     ap_fifo|               sum_out3_0_5|       pointer|
|sum_out3_0_5_write                  |  out|    1|     ap_fifo|               sum_out3_0_5|       pointer|
|sum_out3_0_5_num_data_valid         |   in|   32|     ap_fifo|               sum_out3_0_5|       pointer|
|sum_out3_0_5_fifo_cap               |   in|   32|     ap_fifo|               sum_out3_0_5|       pointer|
|sum_out3_8_0_din                    |  out|   32|     ap_fifo|               sum_out3_8_0|       pointer|
|sum_out3_8_0_full_n                 |   in|    1|     ap_fifo|               sum_out3_8_0|       pointer|
|sum_out3_8_0_write                  |  out|    1|     ap_fifo|               sum_out3_8_0|       pointer|
|sum_out3_8_0_num_data_valid         |   in|   32|     ap_fifo|               sum_out3_8_0|       pointer|
|sum_out3_8_0_fifo_cap               |   in|   32|     ap_fifo|               sum_out3_8_0|       pointer|
|sum_out3_8_1_din                    |  out|   32|     ap_fifo|               sum_out3_8_1|       pointer|
|sum_out3_8_1_full_n                 |   in|    1|     ap_fifo|               sum_out3_8_1|       pointer|
|sum_out3_8_1_write                  |  out|    1|     ap_fifo|               sum_out3_8_1|       pointer|
|sum_out3_8_1_num_data_valid         |   in|   32|     ap_fifo|               sum_out3_8_1|       pointer|
|sum_out3_8_1_fifo_cap               |   in|   32|     ap_fifo|               sum_out3_8_1|       pointer|
|sum_out3_8_2_din                    |  out|   32|     ap_fifo|               sum_out3_8_2|       pointer|
|sum_out3_8_2_full_n                 |   in|    1|     ap_fifo|               sum_out3_8_2|       pointer|
|sum_out3_8_2_write                  |  out|    1|     ap_fifo|               sum_out3_8_2|       pointer|
|sum_out3_8_2_num_data_valid         |   in|   32|     ap_fifo|               sum_out3_8_2|       pointer|
|sum_out3_8_2_fifo_cap               |   in|   32|     ap_fifo|               sum_out3_8_2|       pointer|
|sum_out3_8_3_din                    |  out|   32|     ap_fifo|               sum_out3_8_3|       pointer|
|sum_out3_8_3_full_n                 |   in|    1|     ap_fifo|               sum_out3_8_3|       pointer|
|sum_out3_8_3_write                  |  out|    1|     ap_fifo|               sum_out3_8_3|       pointer|
|sum_out3_8_3_num_data_valid         |   in|   32|     ap_fifo|               sum_out3_8_3|       pointer|
|sum_out3_8_3_fifo_cap               |   in|   32|     ap_fifo|               sum_out3_8_3|       pointer|
|sum_out3_8_4_din                    |  out|   32|     ap_fifo|               sum_out3_8_4|       pointer|
|sum_out3_8_4_full_n                 |   in|    1|     ap_fifo|               sum_out3_8_4|       pointer|
|sum_out3_8_4_write                  |  out|    1|     ap_fifo|               sum_out3_8_4|       pointer|
|sum_out3_8_4_num_data_valid         |   in|   32|     ap_fifo|               sum_out3_8_4|       pointer|
|sum_out3_8_4_fifo_cap               |   in|   32|     ap_fifo|               sum_out3_8_4|       pointer|
|sum_out3_8_5_din                    |  out|   32|     ap_fifo|               sum_out3_8_5|       pointer|
|sum_out3_8_5_full_n                 |   in|    1|     ap_fifo|               sum_out3_8_5|       pointer|
|sum_out3_8_5_write                  |  out|    1|     ap_fifo|               sum_out3_8_5|       pointer|
|sum_out3_8_5_num_data_valid         |   in|   32|     ap_fifo|               sum_out3_8_5|       pointer|
|sum_out3_8_5_fifo_cap               |   in|   32|     ap_fifo|               sum_out3_8_5|       pointer|
+------------------------------------+-----+-----+------------+---------------------------+--------------+

