

================================================================
== Vitis HLS Report for 'feature_separate_layer_stream_9u_s'
================================================================
* Date:           Fri Aug  1 07:20:10 2025

* Version:        2024.2 (Build 5238294 on Nov  8 2024)
* Project:        hls_component
* Solution:       hls (Vivado IP Flow Target)
* Product family: zynquplus
* Target device:  xczu19eg-ffvc1760-2-i


================================================================
== Performance Estimates
================================================================
+ Timing: 
    * Summary: 
    +--------+---------+----------+------------+
    |  Clock |  Target | Estimated| Uncertainty|
    +--------+---------+----------+------------+
    |ap_clk  |  3.57 ns|  1.381 ns|     0.96 ns|
    +--------+---------+----------+------------+

+ Latency: 
    * Summary: 
    +---------+---------+----------+----------+-----+-----+---------+
    |  Latency (cycles) |  Latency (absolute) |  Interval | Pipeline|
    |   min   |   max   |    min   |    max   | min | max |   Type  |
    +---------+---------+----------+----------+-----+-----+---------+
    |        0|        0|      0 ns|      0 ns|    1|    1|      yes|
    +---------+---------+----------+----------+-----+-----+---------+

    + Detail: 
        * Instance: 
        N/A

        * Loop: 
        N/A



================================================================
== Utilization Estimates
================================================================
* Summary: 
+-----------------+---------+------+---------+--------+-----+
|       Name      | BRAM_18K|  DSP |    FF   |   LUT  | URAM|
+-----------------+---------+------+---------+--------+-----+
|DSP              |        -|     -|        -|       -|    -|
|Expression       |        -|     -|        0|       2|    -|
|FIFO             |        -|     -|        -|       -|    -|
|Instance         |        -|     -|        -|       -|    -|
|Memory           |        -|     -|        -|       -|    -|
|Multiplexer      |        -|     -|        0|     189|    -|
|Register         |        -|     -|        3|       -|    -|
+-----------------+---------+------+---------+--------+-----+
|Total            |        0|     0|        3|     191|    0|
+-----------------+---------+------+---------+--------+-----+
|Available        |     1968|  1968|  1045440|  522720|  128|
+-----------------+---------+------+---------+--------+-----+
|Utilization (%)  |        0|     0|       ~0|      ~0|    0|
+-----------------+---------+------+---------+--------+-----+

+ Detail: 
    * Instance: 
    N/A

    * DSP: 
    N/A

    * Memory: 
    N/A

    * FIFO: 
    N/A

    * Expression: 
    +-----------------+----------+----+---+----+------------+------------+
    |  Variable Name  | Operation| DSP| FF| LUT| Bitwidth P0| Bitwidth P1|
    +-----------------+----------+----+---+----+------------+------------+
    |ap_block_state1  |        or|   0|  0|   2|           1|           1|
    +-----------------+----------+----+---+----+------------+------------+
    |Total            |          |   0|  0|   2|           1|           1|
    +-----------------+----------+----+---+----+------------+------------+

    * Multiplexer: 
    +-----------------+----+-----------+-----+-----------+
    |       Name      | LUT| Input Size| Bits| Total Bits|
    +-----------------+----+-----------+-----+-----------+
    |ap_done          |   9|          2|    1|          2|
    |din_TDATA_blk_n  |   9|          2|    1|          2|
    |ipd_x_0_blk_n    |   9|          2|    1|          2|
    |ipd_x_1_blk_n    |   9|          2|    1|          2|
    |ipd_x_2_blk_n    |   9|          2|    1|          2|
    |ipd_x_3_blk_n    |   9|          2|    1|          2|
    |ipd_x_4_blk_n    |   9|          2|    1|          2|
    |ipd_x_5_blk_n    |   9|          2|    1|          2|
    |ipd_x_6_blk_n    |   9|          2|    1|          2|
    |ipd_x_7_blk_n    |   9|          2|    1|          2|
    |ipd_x_8_blk_n    |   9|          2|    1|          2|
    |len_x_0_blk_n    |   9|          2|    1|          2|
    |len_x_1_blk_n    |   9|          2|    1|          2|
    |len_x_2_blk_n    |   9|          2|    1|          2|
    |len_x_3_blk_n    |   9|          2|    1|          2|
    |len_x_4_blk_n    |   9|          2|    1|          2|
    |len_x_5_blk_n    |   9|          2|    1|          2|
    |len_x_6_blk_n    |   9|          2|    1|          2|
    |len_x_7_blk_n    |   9|          2|    1|          2|
    |len_x_8_blk_n    |   9|          2|    1|          2|
    |real_start       |   9|          2|    1|          2|
    +-----------------+----+-----------+-----+-----------+
    |Total            | 189|         42|   21|         42|
    +-----------------+----+-----------+-----+-----------+

    * Register: 
    +----------------+---+----+-----+-----------+
    |      Name      | FF| LUT| Bits| Const Bits|
    +----------------+---+----+-----+-----------+
    |ap_CS_fsm       |  1|   0|    1|          0|
    |ap_done_reg     |  1|   0|    1|          0|
    |start_once_reg  |  1|   0|    1|          0|
    +----------------+---+----+-----+-----------+
    |Total           |  3|   0|    3|          0|
    +----------------+---+----+-----+-----------+



================================================================
== Interface
================================================================
* Summary: 
+------------------------+-----+-----+------------+-----------------------------------+--------------+
|        RTL Ports       | Dir | Bits|  Protocol  |           Source Object           |    C Type    |
+------------------------+-----+-----+------------+-----------------------------------+--------------+
|ap_clk                  |   in|    1|  ap_ctrl_hs|  feature_separate_layer_stream<9u>|  return value|
|ap_rst                  |   in|    1|  ap_ctrl_hs|  feature_separate_layer_stream<9u>|  return value|
|ap_start                |   in|    1|  ap_ctrl_hs|  feature_separate_layer_stream<9u>|  return value|
|start_full_n            |   in|    1|  ap_ctrl_hs|  feature_separate_layer_stream<9u>|  return value|
|ap_done                 |  out|    1|  ap_ctrl_hs|  feature_separate_layer_stream<9u>|  return value|
|ap_continue             |   in|    1|  ap_ctrl_hs|  feature_separate_layer_stream<9u>|  return value|
|ap_idle                 |  out|    1|  ap_ctrl_hs|  feature_separate_layer_stream<9u>|  return value|
|ap_ready                |  out|    1|  ap_ctrl_hs|  feature_separate_layer_stream<9u>|  return value|
|start_out               |  out|    1|  ap_ctrl_hs|  feature_separate_layer_stream<9u>|  return value|
|start_write             |  out|    1|  ap_ctrl_hs|  feature_separate_layer_stream<9u>|  return value|
|din_TDATA               |   in|  144|        axis|                                din|       pointer|
|din_TVALID              |   in|    1|        axis|                                din|       pointer|
|din_TREADY              |  out|    1|        axis|                                din|       pointer|
|len_x_0_din             |  out|    8|     ap_fifo|                            len_x_0|       pointer|
|len_x_0_full_n          |   in|    1|     ap_fifo|                            len_x_0|       pointer|
|len_x_0_write           |  out|    1|     ap_fifo|                            len_x_0|       pointer|
|len_x_0_num_data_valid  |   in|    3|     ap_fifo|                            len_x_0|       pointer|
|len_x_0_fifo_cap        |   in|    3|     ap_fifo|                            len_x_0|       pointer|
|len_x_1_din             |  out|    8|     ap_fifo|                            len_x_1|       pointer|
|len_x_1_full_n          |   in|    1|     ap_fifo|                            len_x_1|       pointer|
|len_x_1_write           |  out|    1|     ap_fifo|                            len_x_1|       pointer|
|len_x_1_num_data_valid  |   in|    3|     ap_fifo|                            len_x_1|       pointer|
|len_x_1_fifo_cap        |   in|    3|     ap_fifo|                            len_x_1|       pointer|
|len_x_2_din             |  out|    8|     ap_fifo|                            len_x_2|       pointer|
|len_x_2_full_n          |   in|    1|     ap_fifo|                            len_x_2|       pointer|
|len_x_2_write           |  out|    1|     ap_fifo|                            len_x_2|       pointer|
|len_x_2_num_data_valid  |   in|    3|     ap_fifo|                            len_x_2|       pointer|
|len_x_2_fifo_cap        |   in|    3|     ap_fifo|                            len_x_2|       pointer|
|len_x_3_din             |  out|    8|     ap_fifo|                            len_x_3|       pointer|
|len_x_3_full_n          |   in|    1|     ap_fifo|                            len_x_3|       pointer|
|len_x_3_write           |  out|    1|     ap_fifo|                            len_x_3|       pointer|
|len_x_3_num_data_valid  |   in|    3|     ap_fifo|                            len_x_3|       pointer|
|len_x_3_fifo_cap        |   in|    3|     ap_fifo|                            len_x_3|       pointer|
|len_x_4_din             |  out|    8|     ap_fifo|                            len_x_4|       pointer|
|len_x_4_full_n          |   in|    1|     ap_fifo|                            len_x_4|       pointer|
|len_x_4_write           |  out|    1|     ap_fifo|                            len_x_4|       pointer|
|len_x_4_num_data_valid  |   in|    3|     ap_fifo|                            len_x_4|       pointer|
|len_x_4_fifo_cap        |   in|    3|     ap_fifo|                            len_x_4|       pointer|
|len_x_5_din             |  out|    8|     ap_fifo|                            len_x_5|       pointer|
|len_x_5_full_n          |   in|    1|     ap_fifo|                            len_x_5|       pointer|
|len_x_5_write           |  out|    1|     ap_fifo|                            len_x_5|       pointer|
|len_x_5_num_data_valid  |   in|    3|     ap_fifo|                            len_x_5|       pointer|
|len_x_5_fifo_cap        |   in|    3|     ap_fifo|                            len_x_5|       pointer|
|len_x_6_din             |  out|    8|     ap_fifo|                            len_x_6|       pointer|
|len_x_6_full_n          |   in|    1|     ap_fifo|                            len_x_6|       pointer|
|len_x_6_write           |  out|    1|     ap_fifo|                            len_x_6|       pointer|
|len_x_6_num_data_valid  |   in|    3|     ap_fifo|                            len_x_6|       pointer|
|len_x_6_fifo_cap        |   in|    3|     ap_fifo|                            len_x_6|       pointer|
|len_x_7_din             |  out|    8|     ap_fifo|                            len_x_7|       pointer|
|len_x_7_full_n          |   in|    1|     ap_fifo|                            len_x_7|       pointer|
|len_x_7_write           |  out|    1|     ap_fifo|                            len_x_7|       pointer|
|len_x_7_num_data_valid  |   in|    3|     ap_fifo|                            len_x_7|       pointer|
|len_x_7_fifo_cap        |   in|    3|     ap_fifo|                            len_x_7|       pointer|
|len_x_8_din             |  out|    8|     ap_fifo|                            len_x_8|       pointer|
|len_x_8_full_n          |   in|    1|     ap_fifo|                            len_x_8|       pointer|
|len_x_8_write           |  out|    1|     ap_fifo|                            len_x_8|       pointer|
|len_x_8_num_data_valid  |   in|    3|     ap_fifo|                            len_x_8|       pointer|
|len_x_8_fifo_cap        |   in|    3|     ap_fifo|                            len_x_8|       pointer|
|ipd_x_0_din             |  out|    8|     ap_fifo|                            ipd_x_0|       pointer|
|ipd_x_0_full_n          |   in|    1|     ap_fifo|                            ipd_x_0|       pointer|
|ipd_x_0_write           |  out|    1|     ap_fifo|                            ipd_x_0|       pointer|
|ipd_x_0_num_data_valid  |   in|    3|     ap_fifo|                            ipd_x_0|       pointer|
|ipd_x_0_fifo_cap        |   in|    3|     ap_fifo|                            ipd_x_0|       pointer|
|ipd_x_1_din             |  out|    8|     ap_fifo|                            ipd_x_1|       pointer|
|ipd_x_1_full_n          |   in|    1|     ap_fifo|                            ipd_x_1|       pointer|
|ipd_x_1_write           |  out|    1|     ap_fifo|                            ipd_x_1|       pointer|
|ipd_x_1_num_data_valid  |   in|    3|     ap_fifo|                            ipd_x_1|       pointer|
|ipd_x_1_fifo_cap        |   in|    3|     ap_fifo|                            ipd_x_1|       pointer|
|ipd_x_2_din             |  out|    8|     ap_fifo|                            ipd_x_2|       pointer|
|ipd_x_2_full_n          |   in|    1|     ap_fifo|                            ipd_x_2|       pointer|
|ipd_x_2_write           |  out|    1|     ap_fifo|                            ipd_x_2|       pointer|
|ipd_x_2_num_data_valid  |   in|    3|     ap_fifo|                            ipd_x_2|       pointer|
|ipd_x_2_fifo_cap        |   in|    3|     ap_fifo|                            ipd_x_2|       pointer|
|ipd_x_3_din             |  out|    8|     ap_fifo|                            ipd_x_3|       pointer|
|ipd_x_3_full_n          |   in|    1|     ap_fifo|                            ipd_x_3|       pointer|
|ipd_x_3_write           |  out|    1|     ap_fifo|                            ipd_x_3|       pointer|
|ipd_x_3_num_data_valid  |   in|    3|     ap_fifo|                            ipd_x_3|       pointer|
|ipd_x_3_fifo_cap        |   in|    3|     ap_fifo|                            ipd_x_3|       pointer|
|ipd_x_4_din             |  out|    8|     ap_fifo|                            ipd_x_4|       pointer|
|ipd_x_4_full_n          |   in|    1|     ap_fifo|                            ipd_x_4|       pointer|
|ipd_x_4_write           |  out|    1|     ap_fifo|                            ipd_x_4|       pointer|
|ipd_x_4_num_data_valid  |   in|    3|     ap_fifo|                            ipd_x_4|       pointer|
|ipd_x_4_fifo_cap        |   in|    3|     ap_fifo|                            ipd_x_4|       pointer|
|ipd_x_5_din             |  out|    8|     ap_fifo|                            ipd_x_5|       pointer|
|ipd_x_5_full_n          |   in|    1|     ap_fifo|                            ipd_x_5|       pointer|
|ipd_x_5_write           |  out|    1|     ap_fifo|                            ipd_x_5|       pointer|
|ipd_x_5_num_data_valid  |   in|    3|     ap_fifo|                            ipd_x_5|       pointer|
|ipd_x_5_fifo_cap        |   in|    3|     ap_fifo|                            ipd_x_5|       pointer|
|ipd_x_6_din             |  out|    8|     ap_fifo|                            ipd_x_6|       pointer|
|ipd_x_6_full_n          |   in|    1|     ap_fifo|                            ipd_x_6|       pointer|
|ipd_x_6_write           |  out|    1|     ap_fifo|                            ipd_x_6|       pointer|
|ipd_x_6_num_data_valid  |   in|    3|     ap_fifo|                            ipd_x_6|       pointer|
|ipd_x_6_fifo_cap        |   in|    3|     ap_fifo|                            ipd_x_6|       pointer|
|ipd_x_7_din             |  out|    8|     ap_fifo|                            ipd_x_7|       pointer|
|ipd_x_7_full_n          |   in|    1|     ap_fifo|                            ipd_x_7|       pointer|
|ipd_x_7_write           |  out|    1|     ap_fifo|                            ipd_x_7|       pointer|
|ipd_x_7_num_data_valid  |   in|    3|     ap_fifo|                            ipd_x_7|       pointer|
|ipd_x_7_fifo_cap        |   in|    3|     ap_fifo|                            ipd_x_7|       pointer|
|ipd_x_8_din             |  out|    8|     ap_fifo|                            ipd_x_8|       pointer|
|ipd_x_8_full_n          |   in|    1|     ap_fifo|                            ipd_x_8|       pointer|
|ipd_x_8_write           |  out|    1|     ap_fifo|                            ipd_x_8|       pointer|
|ipd_x_8_num_data_valid  |   in|    3|     ap_fifo|                            ipd_x_8|       pointer|
|ipd_x_8_fifo_cap        |   in|    3|     ap_fifo|                            ipd_x_8|       pointer|
+------------------------+-----+-----+------------+-----------------------------------+--------------+

