

================================================================
== Vitis HLS Report for 'feature_concate_layer_stream_9u_s'
================================================================
* Date:           Fri Aug  1 07:20:12 2025

* Version:        2024.2 (Build 5238294 on Nov  8 2024)
* Project:        hls_component
* Solution:       hls (Vivado IP Flow Target)
* Product family: zynquplus
* Target device:  xczu19eg-ffvc1760-2-i


================================================================
== Performance Estimates
================================================================
+ Timing: 
    * Summary: 
    +--------+---------+----------+------------+
    |  Clock |  Target | Estimated| Uncertainty|
    +--------+---------+----------+------------+
    |ap_clk  |  3.57 ns|  2.607 ns|     0.96 ns|
    +--------+---------+----------+------------+

+ Latency: 
    * Summary: 
    +---------+---------+----------+----------+-----+-----+---------+
    |  Latency (cycles) |  Latency (absolute) |  Interval | Pipeline|
    |   min   |   max   |    min   |    max   | min | max |   Type  |
    +---------+---------+----------+----------+-----+-----+---------+
    |        0|        0|      0 ns|      0 ns|    0|    0|       no|
    +---------+---------+----------+----------+-----+-----+---------+

    + Detail: 
        * Instance: 
        N/A

        * Loop: 
        N/A



================================================================
== Utilization Estimates
================================================================
* Summary: 
+-----------------+---------+------+---------+--------+-----+
|       Name      | BRAM_18K|  DSP |    FF   |   LUT  | URAM|
+-----------------+---------+------+---------+--------+-----+
|DSP              |        -|     -|        -|       -|    -|
|Expression       |        -|     -|        0|       2|    -|
|FIFO             |        -|     -|        -|       -|    -|
|Instance         |        -|     -|        -|       -|    -|
|Memory           |        -|     -|        -|       -|    -|
|Multiplexer      |        -|     -|        0|     261|    -|
|Register         |        -|     -|        3|       -|    -|
+-----------------+---------+------+---------+--------+-----+
|Total            |        0|     0|        3|     263|    0|
+-----------------+---------+------+---------+--------+-----+
|Available        |     1968|  1968|  1045440|  522720|  128|
+-----------------+---------+------+---------+--------+-----+
|Utilization (%)  |        0|     0|       ~0|      ~0|    0|
+-----------------+---------+------+---------+--------+-----+

+ Detail: 
    * Instance: 
    N/A

    * DSP: 
    N/A

    * Memory: 
    N/A

    * FIFO: 
    N/A

    * Expression: 
    +-----------------+----------+----+---+----+------------+------------+
    |  Variable Name  | Operation| DSP| FF| LUT| Bitwidth P0| Bitwidth P1|
    +-----------------+----------+----+---+----+------------+------------+
    |ap_block_state1  |        or|   0|  0|   2|           1|           1|
    +-----------------+----------+----+---+----+------------+------------+
    |Total            |          |   0|  0|   2|           1|           1|
    +-----------------+----------+----+---+----+------------+------------+

    * Multiplexer: 
    +---------------------------+----+-----------+-----+-----------+
    |            Name           | LUT| Input Size| Bits| Total Bits|
    +---------------------------+----+-----------+-----+-----------+
    |ap_done                    |   9|          2|    1|          2|
    |feature_embedding_0_blk_n  |   9|          2|    1|          2|
    |feature_embedding_1_blk_n  |   9|          2|    1|          2|
    |feature_embedding_2_blk_n  |   9|          2|    1|          2|
    |feature_embedding_3_blk_n  |   9|          2|    1|          2|
    |feature_embedding_4_blk_n  |   9|          2|    1|          2|
    |feature_embedding_5_blk_n  |   9|          2|    1|          2|
    |feature_embedding_6_blk_n  |   9|          2|    1|          2|
    |feature_embedding_7_blk_n  |   9|          2|    1|          2|
    |feature_embedding_8_blk_n  |   9|          2|    1|          2|
    |ipd_x_embedding_0_blk_n    |   9|          2|    1|          2|
    |ipd_x_embedding_1_blk_n    |   9|          2|    1|          2|
    |ipd_x_embedding_2_blk_n    |   9|          2|    1|          2|
    |ipd_x_embedding_3_blk_n    |   9|          2|    1|          2|
    |ipd_x_embedding_4_blk_n    |   9|          2|    1|          2|
    |ipd_x_embedding_5_blk_n    |   9|          2|    1|          2|
    |ipd_x_embedding_6_blk_n    |   9|          2|    1|          2|
    |ipd_x_embedding_7_blk_n    |   9|          2|    1|          2|
    |ipd_x_embedding_8_blk_n    |   9|          2|    1|          2|
    |len_x_embedding_0_blk_n    |   9|          2|    1|          2|
    |len_x_embedding_1_blk_n    |   9|          2|    1|          2|
    |len_x_embedding_2_blk_n    |   9|          2|    1|          2|
    |len_x_embedding_3_blk_n    |   9|          2|    1|          2|
    |len_x_embedding_4_blk_n    |   9|          2|    1|          2|
    |len_x_embedding_5_blk_n    |   9|          2|    1|          2|
    |len_x_embedding_6_blk_n    |   9|          2|    1|          2|
    |len_x_embedding_7_blk_n    |   9|          2|    1|          2|
    |len_x_embedding_8_blk_n    |   9|          2|    1|          2|
    |real_start                 |   9|          2|    1|          2|
    +---------------------------+----+-----------+-----+-----------+
    |Total                      | 261|         58|   29|         58|
    +---------------------------+----+-----------+-----+-----------+

    * Register: 
    +----------------+---+----+-----+-----------+
    |      Name      | FF| LUT| Bits| Const Bits|
    +----------------+---+----+-----+-----------+
    |ap_CS_fsm       |  1|   0|    1|          0|
    |ap_done_reg     |  1|   0|    1|          0|
    |start_once_reg  |  1|   0|    1|          0|
    +----------------+---+----+-----+-----------+
    |Total           |  3|   0|    3|          0|
    +----------------+---+----+-----+-----------+



================================================================
== Interface
================================================================
* Summary: 
+------------------------------------+-----+-----+------------+----------------------------------+--------------+
|              RTL Ports             | Dir | Bits|  Protocol  |           Source Object          |    C Type    |
+------------------------------------+-----+-----+------------+----------------------------------+--------------+
|ap_clk                              |   in|    1|  ap_ctrl_hs|  feature_concate_layer_stream<9u>|  return value|
|ap_rst                              |   in|    1|  ap_ctrl_hs|  feature_concate_layer_stream<9u>|  return value|
|ap_start                            |   in|    1|  ap_ctrl_hs|  feature_concate_layer_stream<9u>|  return value|
|start_full_n                        |   in|    1|  ap_ctrl_hs|  feature_concate_layer_stream<9u>|  return value|
|ap_done                             |  out|    1|  ap_ctrl_hs|  feature_concate_layer_stream<9u>|  return value|
|ap_continue                         |   in|    1|  ap_ctrl_hs|  feature_concate_layer_stream<9u>|  return value|
|ap_idle                             |  out|    1|  ap_ctrl_hs|  feature_concate_layer_stream<9u>|  return value|
|ap_ready                            |  out|    1|  ap_ctrl_hs|  feature_concate_layer_stream<9u>|  return value|
|start_out                           |  out|    1|  ap_ctrl_hs|  feature_concate_layer_stream<9u>|  return value|
|start_write                         |  out|    1|  ap_ctrl_hs|  feature_concate_layer_stream<9u>|  return value|
|len_x_embedding_0_dout              |   in|  320|     ap_fifo|                 len_x_embedding_0|       pointer|
|len_x_embedding_0_empty_n           |   in|    1|     ap_fifo|                 len_x_embedding_0|       pointer|
|len_x_embedding_0_read              |  out|    1|     ap_fifo|                 len_x_embedding_0|       pointer|
|len_x_embedding_0_num_data_valid    |   in|    3|     ap_fifo|                 len_x_embedding_0|       pointer|
|len_x_embedding_0_fifo_cap          |   in|    3|     ap_fifo|                 len_x_embedding_0|       pointer|
|len_x_embedding_1_dout              |   in|  320|     ap_fifo|                 len_x_embedding_1|       pointer|
|len_x_embedding_1_empty_n           |   in|    1|     ap_fifo|                 len_x_embedding_1|       pointer|
|len_x_embedding_1_read              |  out|    1|     ap_fifo|                 len_x_embedding_1|       pointer|
|len_x_embedding_1_num_data_valid    |   in|    3|     ap_fifo|                 len_x_embedding_1|       pointer|
|len_x_embedding_1_fifo_cap          |   in|    3|     ap_fifo|                 len_x_embedding_1|       pointer|
|len_x_embedding_2_dout              |   in|  320|     ap_fifo|                 len_x_embedding_2|       pointer|
|len_x_embedding_2_empty_n           |   in|    1|     ap_fifo|                 len_x_embedding_2|       pointer|
|len_x_embedding_2_read              |  out|    1|     ap_fifo|                 len_x_embedding_2|       pointer|
|len_x_embedding_2_num_data_valid    |   in|    3|     ap_fifo|                 len_x_embedding_2|       pointer|
|len_x_embedding_2_fifo_cap          |   in|    3|     ap_fifo|                 len_x_embedding_2|       pointer|
|len_x_embedding_3_dout              |   in|  320|     ap_fifo|                 len_x_embedding_3|       pointer|
|len_x_embedding_3_empty_n           |   in|    1|     ap_fifo|                 len_x_embedding_3|       pointer|
|len_x_embedding_3_read              |  out|    1|     ap_fifo|                 len_x_embedding_3|       pointer|
|len_x_embedding_3_num_data_valid    |   in|    3|     ap_fifo|                 len_x_embedding_3|       pointer|
|len_x_embedding_3_fifo_cap          |   in|    3|     ap_fifo|                 len_x_embedding_3|       pointer|
|len_x_embedding_4_dout              |   in|  320|     ap_fifo|                 len_x_embedding_4|       pointer|
|len_x_embedding_4_empty_n           |   in|    1|     ap_fifo|                 len_x_embedding_4|       pointer|
|len_x_embedding_4_read              |  out|    1|     ap_fifo|                 len_x_embedding_4|       pointer|
|len_x_embedding_4_num_data_valid    |   in|    3|     ap_fifo|                 len_x_embedding_4|       pointer|
|len_x_embedding_4_fifo_cap          |   in|    3|     ap_fifo|                 len_x_embedding_4|       pointer|
|len_x_embedding_5_dout              |   in|  320|     ap_fifo|                 len_x_embedding_5|       pointer|
|len_x_embedding_5_empty_n           |   in|    1|     ap_fifo|                 len_x_embedding_5|       pointer|
|len_x_embedding_5_read              |  out|    1|     ap_fifo|                 len_x_embedding_5|       pointer|
|len_x_embedding_5_num_data_valid    |   in|    3|     ap_fifo|                 len_x_embedding_5|       pointer|
|len_x_embedding_5_fifo_cap          |   in|    3|     ap_fifo|                 len_x_embedding_5|       pointer|
|len_x_embedding_6_dout              |   in|  320|     ap_fifo|                 len_x_embedding_6|       pointer|
|len_x_embedding_6_empty_n           |   in|    1|     ap_fifo|                 len_x_embedding_6|       pointer|
|len_x_embedding_6_read              |  out|    1|     ap_fifo|                 len_x_embedding_6|       pointer|
|len_x_embedding_6_num_data_valid    |   in|    3|     ap_fifo|                 len_x_embedding_6|       pointer|
|len_x_embedding_6_fifo_cap          |   in|    3|     ap_fifo|                 len_x_embedding_6|       pointer|
|len_x_embedding_7_dout              |   in|  320|     ap_fifo|                 len_x_embedding_7|       pointer|
|len_x_embedding_7_empty_n           |   in|    1|     ap_fifo|                 len_x_embedding_7|       pointer|
|len_x_embedding_7_read              |  out|    1|     ap_fifo|                 len_x_embedding_7|       pointer|
|len_x_embedding_7_num_data_valid    |   in|    3|     ap_fifo|                 len_x_embedding_7|       pointer|
|len_x_embedding_7_fifo_cap          |   in|    3|     ap_fifo|                 len_x_embedding_7|       pointer|
|len_x_embedding_8_dout              |   in|  320|     ap_fifo|                 len_x_embedding_8|       pointer|
|len_x_embedding_8_empty_n           |   in|    1|     ap_fifo|                 len_x_embedding_8|       pointer|
|len_x_embedding_8_read              |  out|    1|     ap_fifo|                 len_x_embedding_8|       pointer|
|len_x_embedding_8_num_data_valid    |   in|    3|     ap_fifo|                 len_x_embedding_8|       pointer|
|len_x_embedding_8_fifo_cap          |   in|    3|     ap_fifo|                 len_x_embedding_8|       pointer|
|ipd_x_embedding_0_dout              |   in|  256|     ap_fifo|                 ipd_x_embedding_0|       pointer|
|ipd_x_embedding_0_empty_n           |   in|    1|     ap_fifo|                 ipd_x_embedding_0|       pointer|
|ipd_x_embedding_0_read              |  out|    1|     ap_fifo|                 ipd_x_embedding_0|       pointer|
|ipd_x_embedding_0_num_data_valid    |   in|    3|     ap_fifo|                 ipd_x_embedding_0|       pointer|
|ipd_x_embedding_0_fifo_cap          |   in|    3|     ap_fifo|                 ipd_x_embedding_0|       pointer|
|ipd_x_embedding_1_dout              |   in|  256|     ap_fifo|                 ipd_x_embedding_1|       pointer|
|ipd_x_embedding_1_empty_n           |   in|    1|     ap_fifo|                 ipd_x_embedding_1|       pointer|
|ipd_x_embedding_1_read              |  out|    1|     ap_fifo|                 ipd_x_embedding_1|       pointer|
|ipd_x_embedding_1_num_data_valid    |   in|    3|     ap_fifo|                 ipd_x_embedding_1|       pointer|
|ipd_x_embedding_1_fifo_cap          |   in|    3|     ap_fifo|                 ipd_x_embedding_1|       pointer|
|ipd_x_embedding_2_dout              |   in|  256|     ap_fifo|                 ipd_x_embedding_2|       pointer|
|ipd_x_embedding_2_empty_n           |   in|    1|     ap_fifo|                 ipd_x_embedding_2|       pointer|
|ipd_x_embedding_2_read              |  out|    1|     ap_fifo|                 ipd_x_embedding_2|       pointer|
|ipd_x_embedding_2_num_data_valid    |   in|    3|     ap_fifo|                 ipd_x_embedding_2|       pointer|
|ipd_x_embedding_2_fifo_cap          |   in|    3|     ap_fifo|                 ipd_x_embedding_2|       pointer|
|ipd_x_embedding_3_dout              |   in|  256|     ap_fifo|                 ipd_x_embedding_3|       pointer|
|ipd_x_embedding_3_empty_n           |   in|    1|     ap_fifo|                 ipd_x_embedding_3|       pointer|
|ipd_x_embedding_3_read              |  out|    1|     ap_fifo|                 ipd_x_embedding_3|       pointer|
|ipd_x_embedding_3_num_data_valid    |   in|    3|     ap_fifo|                 ipd_x_embedding_3|       pointer|
|ipd_x_embedding_3_fifo_cap          |   in|    3|     ap_fifo|                 ipd_x_embedding_3|       pointer|
|ipd_x_embedding_4_dout              |   in|  256|     ap_fifo|                 ipd_x_embedding_4|       pointer|
|ipd_x_embedding_4_empty_n           |   in|    1|     ap_fifo|                 ipd_x_embedding_4|       pointer|
|ipd_x_embedding_4_read              |  out|    1|     ap_fifo|                 ipd_x_embedding_4|       pointer|
|ipd_x_embedding_4_num_data_valid    |   in|    3|     ap_fifo|                 ipd_x_embedding_4|       pointer|
|ipd_x_embedding_4_fifo_cap          |   in|    3|     ap_fifo|                 ipd_x_embedding_4|       pointer|
|ipd_x_embedding_5_dout              |   in|  256|     ap_fifo|                 ipd_x_embedding_5|       pointer|
|ipd_x_embedding_5_empty_n           |   in|    1|     ap_fifo|                 ipd_x_embedding_5|       pointer|
|ipd_x_embedding_5_read              |  out|    1|     ap_fifo|                 ipd_x_embedding_5|       pointer|
|ipd_x_embedding_5_num_data_valid    |   in|    3|     ap_fifo|                 ipd_x_embedding_5|       pointer|
|ipd_x_embedding_5_fifo_cap          |   in|    3|     ap_fifo|                 ipd_x_embedding_5|       pointer|
|ipd_x_embedding_6_dout              |   in|  256|     ap_fifo|                 ipd_x_embedding_6|       pointer|
|ipd_x_embedding_6_empty_n           |   in|    1|     ap_fifo|                 ipd_x_embedding_6|       pointer|
|ipd_x_embedding_6_read              |  out|    1|     ap_fifo|                 ipd_x_embedding_6|       pointer|
|ipd_x_embedding_6_num_data_valid    |   in|    3|     ap_fifo|                 ipd_x_embedding_6|       pointer|
|ipd_x_embedding_6_fifo_cap          |   in|    3|     ap_fifo|                 ipd_x_embedding_6|       pointer|
|ipd_x_embedding_7_dout              |   in|  256|     ap_fifo|                 ipd_x_embedding_7|       pointer|
|ipd_x_embedding_7_empty_n           |   in|    1|     ap_fifo|                 ipd_x_embedding_7|       pointer|
|ipd_x_embedding_7_read              |  out|    1|     ap_fifo|                 ipd_x_embedding_7|       pointer|
|ipd_x_embedding_7_num_data_valid    |   in|    3|     ap_fifo|                 ipd_x_embedding_7|       pointer|
|ipd_x_embedding_7_fifo_cap          |   in|    3|     ap_fifo|                 ipd_x_embedding_7|       pointer|
|ipd_x_embedding_8_dout              |   in|  256|     ap_fifo|                 ipd_x_embedding_8|       pointer|
|ipd_x_embedding_8_empty_n           |   in|    1|     ap_fifo|                 ipd_x_embedding_8|       pointer|
|ipd_x_embedding_8_read              |  out|    1|     ap_fifo|                 ipd_x_embedding_8|       pointer|
|ipd_x_embedding_8_num_data_valid    |   in|    3|     ap_fifo|                 ipd_x_embedding_8|       pointer|
|ipd_x_embedding_8_fifo_cap          |   in|    3|     ap_fifo|                 ipd_x_embedding_8|       pointer|
|feature_embedding_0_din             |  out|  576|     ap_fifo|               feature_embedding_0|       pointer|
|feature_embedding_0_full_n          |   in|    1|     ap_fifo|               feature_embedding_0|       pointer|
|feature_embedding_0_write           |  out|    1|     ap_fifo|               feature_embedding_0|       pointer|
|feature_embedding_0_num_data_valid  |   in|    3|     ap_fifo|               feature_embedding_0|       pointer|
|feature_embedding_0_fifo_cap        |   in|    3|     ap_fifo|               feature_embedding_0|       pointer|
|feature_embedding_1_din             |  out|  576|     ap_fifo|               feature_embedding_1|       pointer|
|feature_embedding_1_full_n          |   in|    1|     ap_fifo|               feature_embedding_1|       pointer|
|feature_embedding_1_write           |  out|    1|     ap_fifo|               feature_embedding_1|       pointer|
|feature_embedding_1_num_data_valid  |   in|    3|     ap_fifo|               feature_embedding_1|       pointer|
|feature_embedding_1_fifo_cap        |   in|    3|     ap_fifo|               feature_embedding_1|       pointer|
|feature_embedding_2_din             |  out|  576|     ap_fifo|               feature_embedding_2|       pointer|
|feature_embedding_2_full_n          |   in|    1|     ap_fifo|               feature_embedding_2|       pointer|
|feature_embedding_2_write           |  out|    1|     ap_fifo|               feature_embedding_2|       pointer|
|feature_embedding_2_num_data_valid  |   in|    3|     ap_fifo|               feature_embedding_2|       pointer|
|feature_embedding_2_fifo_cap        |   in|    3|     ap_fifo|               feature_embedding_2|       pointer|
|feature_embedding_3_din             |  out|  576|     ap_fifo|               feature_embedding_3|       pointer|
|feature_embedding_3_full_n          |   in|    1|     ap_fifo|               feature_embedding_3|       pointer|
|feature_embedding_3_write           |  out|    1|     ap_fifo|               feature_embedding_3|       pointer|
|feature_embedding_3_num_data_valid  |   in|    3|     ap_fifo|               feature_embedding_3|       pointer|
|feature_embedding_3_fifo_cap        |   in|    3|     ap_fifo|               feature_embedding_3|       pointer|
|feature_embedding_4_din             |  out|  576|     ap_fifo|               feature_embedding_4|       pointer|
|feature_embedding_4_full_n          |   in|    1|     ap_fifo|               feature_embedding_4|       pointer|
|feature_embedding_4_write           |  out|    1|     ap_fifo|               feature_embedding_4|       pointer|
|feature_embedding_4_num_data_valid  |   in|    3|     ap_fifo|               feature_embedding_4|       pointer|
|feature_embedding_4_fifo_cap        |   in|    3|     ap_fifo|               feature_embedding_4|       pointer|
|feature_embedding_5_din             |  out|  576|     ap_fifo|               feature_embedding_5|       pointer|
|feature_embedding_5_full_n          |   in|    1|     ap_fifo|               feature_embedding_5|       pointer|
|feature_embedding_5_write           |  out|    1|     ap_fifo|               feature_embedding_5|       pointer|
|feature_embedding_5_num_data_valid  |   in|    3|     ap_fifo|               feature_embedding_5|       pointer|
|feature_embedding_5_fifo_cap        |   in|    3|     ap_fifo|               feature_embedding_5|       pointer|
|feature_embedding_6_din             |  out|  576|     ap_fifo|               feature_embedding_6|       pointer|
|feature_embedding_6_full_n          |   in|    1|     ap_fifo|               feature_embedding_6|       pointer|
|feature_embedding_6_write           |  out|    1|     ap_fifo|               feature_embedding_6|       pointer|
|feature_embedding_6_num_data_valid  |   in|    3|     ap_fifo|               feature_embedding_6|       pointer|
|feature_embedding_6_fifo_cap        |   in|    3|     ap_fifo|               feature_embedding_6|       pointer|
|feature_embedding_7_din             |  out|  576|     ap_fifo|               feature_embedding_7|       pointer|
|feature_embedding_7_full_n          |   in|    1|     ap_fifo|               feature_embedding_7|       pointer|
|feature_embedding_7_write           |  out|    1|     ap_fifo|               feature_embedding_7|       pointer|
|feature_embedding_7_num_data_valid  |   in|    3|     ap_fifo|               feature_embedding_7|       pointer|
|feature_embedding_7_fifo_cap        |   in|    3|     ap_fifo|               feature_embedding_7|       pointer|
|feature_embedding_8_din             |  out|  576|     ap_fifo|               feature_embedding_8|       pointer|
|feature_embedding_8_full_n          |   in|    1|     ap_fifo|               feature_embedding_8|       pointer|
|feature_embedding_8_write           |  out|    1|     ap_fifo|               feature_embedding_8|       pointer|
|feature_embedding_8_num_data_valid  |   in|    3|     ap_fifo|               feature_embedding_8|       pointer|
|feature_embedding_8_fifo_cap        |   in|    3|     ap_fifo|               feature_embedding_8|       pointer|
+------------------------------------+-----+-----+------------+----------------------------------+--------------+

