

================================================================
== Vitis HLS Report for 'reshape_concate_layer_stream'
================================================================
* Date:           Fri Aug  1 07:20:18 2025

* Version:        2024.2 (Build 5238294 on Nov  8 2024)
* Project:        hls_component
* Solution:       hls (Vivado IP Flow Target)
* Product family: zynquplus
* Target device:  xczu19eg-ffvc1760-2-i


================================================================
== Performance Estimates
================================================================
+ Timing: 
    * Summary: 
    +--------+---------+----------+------------+
    |  Clock |  Target | Estimated| Uncertainty|
    +--------+---------+----------+------------+
    |ap_clk  |  3.57 ns|  2.607 ns|     0.96 ns|
    +--------+---------+----------+------------+

+ Latency: 
    * Summary: 
    +---------+---------+----------+----------+-----+-----+---------+
    |  Latency (cycles) |  Latency (absolute) |  Interval | Pipeline|
    |   min   |   max   |    min   |    max   | min | max |   Type  |
    +---------+---------+----------+----------+-----+-----+---------+
    |        0|        0|      0 ns|      0 ns|    0|    0|       no|
    +---------+---------+----------+----------+-----+-----+---------+

    + Detail: 
        * Instance: 
        N/A

        * Loop: 
        N/A



================================================================
== Utilization Estimates
================================================================
* Summary: 
+-----------------+---------+------+---------+--------+-----+
|       Name      | BRAM_18K|  DSP |    FF   |   LUT  | URAM|
+-----------------+---------+------+---------+--------+-----+
|DSP              |        -|     -|        -|       -|    -|
|Expression       |        -|     -|        0|       2|    -|
|FIFO             |        -|     -|        -|       -|    -|
|Instance         |        -|     -|        -|       -|    -|
|Memory           |        -|     -|        -|       -|    -|
|Multiplexer      |        -|     -|        0|     351|    -|
|Register         |        -|     -|        3|       -|    -|
+-----------------+---------+------+---------+--------+-----+
|Total            |        0|     0|        3|     353|    0|
+-----------------+---------+------+---------+--------+-----+
|Available        |     1968|  1968|  1045440|  522720|  128|
+-----------------+---------+------+---------+--------+-----+
|Utilization (%)  |        0|     0|       ~0|      ~0|    0|
+-----------------+---------+------+---------+--------+-----+

+ Detail: 
    * Instance: 
    N/A

    * DSP: 
    N/A

    * Memory: 
    N/A

    * FIFO: 
    N/A

    * Expression: 
    +-----------------+----------+----+---+----+------------+------------+
    |  Variable Name  | Operation| DSP| FF| LUT| Bitwidth P0| Bitwidth P1|
    +-----------------+----------+----+---+----+------------+------------+
    |ap_block_state1  |        or|   0|  0|   2|           1|           1|
    +-----------------+----------+----+---+----+------------+------------+
    |Total            |          |   0|  0|   2|           1|           1|
    +-----------------+----------+----+---+----+------------+------------+

    * Multiplexer: 
    +--------------------------+----+-----------+-----+-----------+
    |           Name           | LUT| Input Size| Bits| Total Bits|
    +--------------------------+----+-----------+-----+-----------+
    |ap_done                   |   9|          2|    1|          2|
    |conv_out3_0_0_blk_n       |   9|          2|    1|          2|
    |conv_out3_0_1_blk_n       |   9|          2|    1|          2|
    |conv_out3_0_2_blk_n       |   9|          2|    1|          2|
    |conv_out3_0_3_blk_n       |   9|          2|    1|          2|
    |conv_out3_0_4_blk_n       |   9|          2|    1|          2|
    |conv_out3_0_5_blk_n       |   9|          2|    1|          2|
    |conv_out3_0_6_blk_n       |   9|          2|    1|          2|
    |conv_out3_1_0_blk_n       |   9|          2|    1|          2|
    |conv_out3_1_1_blk_n       |   9|          2|    1|          2|
    |conv_out3_1_2_blk_n       |   9|          2|    1|          2|
    |conv_out3_1_3_blk_n       |   9|          2|    1|          2|
    |conv_out3_1_4_blk_n       |   9|          2|    1|          2|
    |conv_out3_1_5_blk_n       |   9|          2|    1|          2|
    |conv_out3_1_6_blk_n       |   9|          2|    1|          2|
    |conv_out4_0_0_blk_n       |   9|          2|    1|          2|
    |conv_out4_0_1_blk_n       |   9|          2|    1|          2|
    |conv_out4_0_2_blk_n       |   9|          2|    1|          2|
    |conv_out4_0_3_blk_n       |   9|          2|    1|          2|
    |conv_out4_0_4_blk_n       |   9|          2|    1|          2|
    |conv_out4_0_5_blk_n       |   9|          2|    1|          2|
    |conv_out4_1_0_blk_n       |   9|          2|    1|          2|
    |conv_out4_1_1_blk_n       |   9|          2|    1|          2|
    |conv_out4_1_2_blk_n       |   9|          2|    1|          2|
    |conv_out4_1_3_blk_n       |   9|          2|    1|          2|
    |conv_out4_1_4_blk_n       |   9|          2|    1|          2|
    |conv_out4_1_5_blk_n       |   9|          2|    1|          2|
    |conv_out5_0_0_blk_n       |   9|          2|    1|          2|
    |conv_out5_0_1_blk_n       |   9|          2|    1|          2|
    |conv_out5_0_2_blk_n       |   9|          2|    1|          2|
    |conv_out5_0_3_blk_n       |   9|          2|    1|          2|
    |conv_out5_0_4_blk_n       |   9|          2|    1|          2|
    |conv_out5_1_0_blk_n       |   9|          2|    1|          2|
    |conv_out5_1_1_blk_n       |   9|          2|    1|          2|
    |conv_out5_1_2_blk_n       |   9|          2|    1|          2|
    |conv_out5_1_3_blk_n       |   9|          2|    1|          2|
    |conv_out5_1_4_blk_n       |   9|          2|    1|          2|
    |feature2_embedding_blk_n  |   9|          2|    1|          2|
    |real_start                |   9|          2|    1|          2|
    +--------------------------+----+-----------+-----+-----------+
    |Total                     | 351|         78|   39|         78|
    +--------------------------+----+-----------+-----+-----------+

    * Register: 
    +----------------+---+----+-----+-----------+
    |      Name      | FF| LUT| Bits| Const Bits|
    +----------------+---+----+-----+-----------+
    |ap_CS_fsm       |  1|   0|    1|          0|
    |ap_done_reg     |  1|   0|    1|          0|
    |start_once_reg  |  1|   0|    1|          0|
    +----------------+---+----+-----+-----------+
    |Total           |  3|   0|    3|          0|
    +----------------+---+----+-----+-----------+



================================================================
== Interface
================================================================
* Summary: 
+-----------------------------------+-----+------+------------+------------------------------+--------------+
|             RTL Ports             | Dir | Bits |  Protocol  |         Source Object        |    C Type    |
+-----------------------------------+-----+------+------------+------------------------------+--------------+
|ap_clk                             |   in|     1|  ap_ctrl_hs|  reshape_concate_layer_stream|  return value|
|ap_rst                             |   in|     1|  ap_ctrl_hs|  reshape_concate_layer_stream|  return value|
|ap_start                           |   in|     1|  ap_ctrl_hs|  reshape_concate_layer_stream|  return value|
|start_full_n                       |   in|     1|  ap_ctrl_hs|  reshape_concate_layer_stream|  return value|
|ap_done                            |  out|     1|  ap_ctrl_hs|  reshape_concate_layer_stream|  return value|
|ap_continue                        |   in|     1|  ap_ctrl_hs|  reshape_concate_layer_stream|  return value|
|ap_idle                            |  out|     1|  ap_ctrl_hs|  reshape_concate_layer_stream|  return value|
|ap_ready                           |  out|     1|  ap_ctrl_hs|  reshape_concate_layer_stream|  return value|
|start_out                          |  out|     1|  ap_ctrl_hs|  reshape_concate_layer_stream|  return value|
|start_write                        |  out|     1|  ap_ctrl_hs|  reshape_concate_layer_stream|  return value|
|conv_out3_0_0_dout                 |   in|    32|     ap_fifo|                 conv_out3_0_0|       pointer|
|conv_out3_0_0_empty_n              |   in|     1|     ap_fifo|                 conv_out3_0_0|       pointer|
|conv_out3_0_0_read                 |  out|     1|     ap_fifo|                 conv_out3_0_0|       pointer|
|conv_out3_0_0_num_data_valid       |   in|     3|     ap_fifo|                 conv_out3_0_0|       pointer|
|conv_out3_0_0_fifo_cap             |   in|     3|     ap_fifo|                 conv_out3_0_0|       pointer|
|conv_out3_0_1_dout                 |   in|    32|     ap_fifo|                 conv_out3_0_1|       pointer|
|conv_out3_0_1_empty_n              |   in|     1|     ap_fifo|                 conv_out3_0_1|       pointer|
|conv_out3_0_1_read                 |  out|     1|     ap_fifo|                 conv_out3_0_1|       pointer|
|conv_out3_0_1_num_data_valid       |   in|     3|     ap_fifo|                 conv_out3_0_1|       pointer|
|conv_out3_0_1_fifo_cap             |   in|     3|     ap_fifo|                 conv_out3_0_1|       pointer|
|conv_out3_0_2_dout                 |   in|    32|     ap_fifo|                 conv_out3_0_2|       pointer|
|conv_out3_0_2_empty_n              |   in|     1|     ap_fifo|                 conv_out3_0_2|       pointer|
|conv_out3_0_2_read                 |  out|     1|     ap_fifo|                 conv_out3_0_2|       pointer|
|conv_out3_0_2_num_data_valid       |   in|     3|     ap_fifo|                 conv_out3_0_2|       pointer|
|conv_out3_0_2_fifo_cap             |   in|     3|     ap_fifo|                 conv_out3_0_2|       pointer|
|conv_out3_0_3_dout                 |   in|    32|     ap_fifo|                 conv_out3_0_3|       pointer|
|conv_out3_0_3_empty_n              |   in|     1|     ap_fifo|                 conv_out3_0_3|       pointer|
|conv_out3_0_3_read                 |  out|     1|     ap_fifo|                 conv_out3_0_3|       pointer|
|conv_out3_0_3_num_data_valid       |   in|     3|     ap_fifo|                 conv_out3_0_3|       pointer|
|conv_out3_0_3_fifo_cap             |   in|     3|     ap_fifo|                 conv_out3_0_3|       pointer|
|conv_out3_0_4_dout                 |   in|    32|     ap_fifo|                 conv_out3_0_4|       pointer|
|conv_out3_0_4_empty_n              |   in|     1|     ap_fifo|                 conv_out3_0_4|       pointer|
|conv_out3_0_4_read                 |  out|     1|     ap_fifo|                 conv_out3_0_4|       pointer|
|conv_out3_0_4_num_data_valid       |   in|     3|     ap_fifo|                 conv_out3_0_4|       pointer|
|conv_out3_0_4_fifo_cap             |   in|     3|     ap_fifo|                 conv_out3_0_4|       pointer|
|conv_out3_0_5_dout                 |   in|    32|     ap_fifo|                 conv_out3_0_5|       pointer|
|conv_out3_0_5_empty_n              |   in|     1|     ap_fifo|                 conv_out3_0_5|       pointer|
|conv_out3_0_5_read                 |  out|     1|     ap_fifo|                 conv_out3_0_5|       pointer|
|conv_out3_0_5_num_data_valid       |   in|     3|     ap_fifo|                 conv_out3_0_5|       pointer|
|conv_out3_0_5_fifo_cap             |   in|     3|     ap_fifo|                 conv_out3_0_5|       pointer|
|conv_out3_0_6_dout                 |   in|    32|     ap_fifo|                 conv_out3_0_6|       pointer|
|conv_out3_0_6_empty_n              |   in|     1|     ap_fifo|                 conv_out3_0_6|       pointer|
|conv_out3_0_6_read                 |  out|     1|     ap_fifo|                 conv_out3_0_6|       pointer|
|conv_out3_0_6_num_data_valid       |   in|     3|     ap_fifo|                 conv_out3_0_6|       pointer|
|conv_out3_0_6_fifo_cap             |   in|     3|     ap_fifo|                 conv_out3_0_6|       pointer|
|conv_out3_1_0_dout                 |   in|    32|     ap_fifo|                 conv_out3_1_0|       pointer|
|conv_out3_1_0_empty_n              |   in|     1|     ap_fifo|                 conv_out3_1_0|       pointer|
|conv_out3_1_0_read                 |  out|     1|     ap_fifo|                 conv_out3_1_0|       pointer|
|conv_out3_1_0_num_data_valid       |   in|     3|     ap_fifo|                 conv_out3_1_0|       pointer|
|conv_out3_1_0_fifo_cap             |   in|     3|     ap_fifo|                 conv_out3_1_0|       pointer|
|conv_out3_1_1_dout                 |   in|    32|     ap_fifo|                 conv_out3_1_1|       pointer|
|conv_out3_1_1_empty_n              |   in|     1|     ap_fifo|                 conv_out3_1_1|       pointer|
|conv_out3_1_1_read                 |  out|     1|     ap_fifo|                 conv_out3_1_1|       pointer|
|conv_out3_1_1_num_data_valid       |   in|     3|     ap_fifo|                 conv_out3_1_1|       pointer|
|conv_out3_1_1_fifo_cap             |   in|     3|     ap_fifo|                 conv_out3_1_1|       pointer|
|conv_out3_1_2_dout                 |   in|    32|     ap_fifo|                 conv_out3_1_2|       pointer|
|conv_out3_1_2_empty_n              |   in|     1|     ap_fifo|                 conv_out3_1_2|       pointer|
|conv_out3_1_2_read                 |  out|     1|     ap_fifo|                 conv_out3_1_2|       pointer|
|conv_out3_1_2_num_data_valid       |   in|     3|     ap_fifo|                 conv_out3_1_2|       pointer|
|conv_out3_1_2_fifo_cap             |   in|     3|     ap_fifo|                 conv_out3_1_2|       pointer|
|conv_out3_1_3_dout                 |   in|    32|     ap_fifo|                 conv_out3_1_3|       pointer|
|conv_out3_1_3_empty_n              |   in|     1|     ap_fifo|                 conv_out3_1_3|       pointer|
|conv_out3_1_3_read                 |  out|     1|     ap_fifo|                 conv_out3_1_3|       pointer|
|conv_out3_1_3_num_data_valid       |   in|     3|     ap_fifo|                 conv_out3_1_3|       pointer|
|conv_out3_1_3_fifo_cap             |   in|     3|     ap_fifo|                 conv_out3_1_3|       pointer|
|conv_out3_1_4_dout                 |   in|    32|     ap_fifo|                 conv_out3_1_4|       pointer|
|conv_out3_1_4_empty_n              |   in|     1|     ap_fifo|                 conv_out3_1_4|       pointer|
|conv_out3_1_4_read                 |  out|     1|     ap_fifo|                 conv_out3_1_4|       pointer|
|conv_out3_1_4_num_data_valid       |   in|     3|     ap_fifo|                 conv_out3_1_4|       pointer|
|conv_out3_1_4_fifo_cap             |   in|     3|     ap_fifo|                 conv_out3_1_4|       pointer|
|conv_out3_1_5_dout                 |   in|    32|     ap_fifo|                 conv_out3_1_5|       pointer|
|conv_out3_1_5_empty_n              |   in|     1|     ap_fifo|                 conv_out3_1_5|       pointer|
|conv_out3_1_5_read                 |  out|     1|     ap_fifo|                 conv_out3_1_5|       pointer|
|conv_out3_1_5_num_data_valid       |   in|     3|     ap_fifo|                 conv_out3_1_5|       pointer|
|conv_out3_1_5_fifo_cap             |   in|     3|     ap_fifo|                 conv_out3_1_5|       pointer|
|conv_out3_1_6_dout                 |   in|    32|     ap_fifo|                 conv_out3_1_6|       pointer|
|conv_out3_1_6_empty_n              |   in|     1|     ap_fifo|                 conv_out3_1_6|       pointer|
|conv_out3_1_6_read                 |  out|     1|     ap_fifo|                 conv_out3_1_6|       pointer|
|conv_out3_1_6_num_data_valid       |   in|     3|     ap_fifo|                 conv_out3_1_6|       pointer|
|conv_out3_1_6_fifo_cap             |   in|     3|     ap_fifo|                 conv_out3_1_6|       pointer|
|conv_out4_0_0_dout                 |   in|    32|     ap_fifo|                 conv_out4_0_0|       pointer|
|conv_out4_0_0_empty_n              |   in|     1|     ap_fifo|                 conv_out4_0_0|       pointer|
|conv_out4_0_0_read                 |  out|     1|     ap_fifo|                 conv_out4_0_0|       pointer|
|conv_out4_0_0_num_data_valid       |   in|     3|     ap_fifo|                 conv_out4_0_0|       pointer|
|conv_out4_0_0_fifo_cap             |   in|     3|     ap_fifo|                 conv_out4_0_0|       pointer|
|conv_out4_0_1_dout                 |   in|    32|     ap_fifo|                 conv_out4_0_1|       pointer|
|conv_out4_0_1_empty_n              |   in|     1|     ap_fifo|                 conv_out4_0_1|       pointer|
|conv_out4_0_1_read                 |  out|     1|     ap_fifo|                 conv_out4_0_1|       pointer|
|conv_out4_0_1_num_data_valid       |   in|     3|     ap_fifo|                 conv_out4_0_1|       pointer|
|conv_out4_0_1_fifo_cap             |   in|     3|     ap_fifo|                 conv_out4_0_1|       pointer|
|conv_out4_0_2_dout                 |   in|    32|     ap_fifo|                 conv_out4_0_2|       pointer|
|conv_out4_0_2_empty_n              |   in|     1|     ap_fifo|                 conv_out4_0_2|       pointer|
|conv_out4_0_2_read                 |  out|     1|     ap_fifo|                 conv_out4_0_2|       pointer|
|conv_out4_0_2_num_data_valid       |   in|     3|     ap_fifo|                 conv_out4_0_2|       pointer|
|conv_out4_0_2_fifo_cap             |   in|     3|     ap_fifo|                 conv_out4_0_2|       pointer|
|conv_out4_0_3_dout                 |   in|    32|     ap_fifo|                 conv_out4_0_3|       pointer|
|conv_out4_0_3_empty_n              |   in|     1|     ap_fifo|                 conv_out4_0_3|       pointer|
|conv_out4_0_3_read                 |  out|     1|     ap_fifo|                 conv_out4_0_3|       pointer|
|conv_out4_0_3_num_data_valid       |   in|     3|     ap_fifo|                 conv_out4_0_3|       pointer|
|conv_out4_0_3_fifo_cap             |   in|     3|     ap_fifo|                 conv_out4_0_3|       pointer|
|conv_out4_0_4_dout                 |   in|    32|     ap_fifo|                 conv_out4_0_4|       pointer|
|conv_out4_0_4_empty_n              |   in|     1|     ap_fifo|                 conv_out4_0_4|       pointer|
|conv_out4_0_4_read                 |  out|     1|     ap_fifo|                 conv_out4_0_4|       pointer|
|conv_out4_0_4_num_data_valid       |   in|     3|     ap_fifo|                 conv_out4_0_4|       pointer|
|conv_out4_0_4_fifo_cap             |   in|     3|     ap_fifo|                 conv_out4_0_4|       pointer|
|conv_out4_0_5_dout                 |   in|    32|     ap_fifo|                 conv_out4_0_5|       pointer|
|conv_out4_0_5_empty_n              |   in|     1|     ap_fifo|                 conv_out4_0_5|       pointer|
|conv_out4_0_5_read                 |  out|     1|     ap_fifo|                 conv_out4_0_5|       pointer|
|conv_out4_0_5_num_data_valid       |   in|     3|     ap_fifo|                 conv_out4_0_5|       pointer|
|conv_out4_0_5_fifo_cap             |   in|     3|     ap_fifo|                 conv_out4_0_5|       pointer|
|conv_out4_1_0_dout                 |   in|    32|     ap_fifo|                 conv_out4_1_0|       pointer|
|conv_out4_1_0_empty_n              |   in|     1|     ap_fifo|                 conv_out4_1_0|       pointer|
|conv_out4_1_0_read                 |  out|     1|     ap_fifo|                 conv_out4_1_0|       pointer|
|conv_out4_1_0_num_data_valid       |   in|     3|     ap_fifo|                 conv_out4_1_0|       pointer|
|conv_out4_1_0_fifo_cap             |   in|     3|     ap_fifo|                 conv_out4_1_0|       pointer|
|conv_out4_1_1_dout                 |   in|    32|     ap_fifo|                 conv_out4_1_1|       pointer|
|conv_out4_1_1_empty_n              |   in|     1|     ap_fifo|                 conv_out4_1_1|       pointer|
|conv_out4_1_1_read                 |  out|     1|     ap_fifo|                 conv_out4_1_1|       pointer|
|conv_out4_1_1_num_data_valid       |   in|     3|     ap_fifo|                 conv_out4_1_1|       pointer|
|conv_out4_1_1_fifo_cap             |   in|     3|     ap_fifo|                 conv_out4_1_1|       pointer|
|conv_out4_1_2_dout                 |   in|    32|     ap_fifo|                 conv_out4_1_2|       pointer|
|conv_out4_1_2_empty_n              |   in|     1|     ap_fifo|                 conv_out4_1_2|       pointer|
|conv_out4_1_2_read                 |  out|     1|     ap_fifo|                 conv_out4_1_2|       pointer|
|conv_out4_1_2_num_data_valid       |   in|     3|     ap_fifo|                 conv_out4_1_2|       pointer|
|conv_out4_1_2_fifo_cap             |   in|     3|     ap_fifo|                 conv_out4_1_2|       pointer|
|conv_out4_1_3_dout                 |   in|    32|     ap_fifo|                 conv_out4_1_3|       pointer|
|conv_out4_1_3_empty_n              |   in|     1|     ap_fifo|                 conv_out4_1_3|       pointer|
|conv_out4_1_3_read                 |  out|     1|     ap_fifo|                 conv_out4_1_3|       pointer|
|conv_out4_1_3_num_data_valid       |   in|     3|     ap_fifo|                 conv_out4_1_3|       pointer|
|conv_out4_1_3_fifo_cap             |   in|     3|     ap_fifo|                 conv_out4_1_3|       pointer|
|conv_out4_1_4_dout                 |   in|    32|     ap_fifo|                 conv_out4_1_4|       pointer|
|conv_out4_1_4_empty_n              |   in|     1|     ap_fifo|                 conv_out4_1_4|       pointer|
|conv_out4_1_4_read                 |  out|     1|     ap_fifo|                 conv_out4_1_4|       pointer|
|conv_out4_1_4_num_data_valid       |   in|     3|     ap_fifo|                 conv_out4_1_4|       pointer|
|conv_out4_1_4_fifo_cap             |   in|     3|     ap_fifo|                 conv_out4_1_4|       pointer|
|conv_out4_1_5_dout                 |   in|    32|     ap_fifo|                 conv_out4_1_5|       pointer|
|conv_out4_1_5_empty_n              |   in|     1|     ap_fifo|                 conv_out4_1_5|       pointer|
|conv_out4_1_5_read                 |  out|     1|     ap_fifo|                 conv_out4_1_5|       pointer|
|conv_out4_1_5_num_data_valid       |   in|     3|     ap_fifo|                 conv_out4_1_5|       pointer|
|conv_out4_1_5_fifo_cap             |   in|     3|     ap_fifo|                 conv_out4_1_5|       pointer|
|conv_out5_0_0_dout                 |   in|    32|     ap_fifo|                 conv_out5_0_0|       pointer|
|conv_out5_0_0_empty_n              |   in|     1|     ap_fifo|                 conv_out5_0_0|       pointer|
|conv_out5_0_0_read                 |  out|     1|     ap_fifo|                 conv_out5_0_0|       pointer|
|conv_out5_0_0_num_data_valid       |   in|     3|     ap_fifo|                 conv_out5_0_0|       pointer|
|conv_out5_0_0_fifo_cap             |   in|     3|     ap_fifo|                 conv_out5_0_0|       pointer|
|conv_out5_0_1_dout                 |   in|    32|     ap_fifo|                 conv_out5_0_1|       pointer|
|conv_out5_0_1_empty_n              |   in|     1|     ap_fifo|                 conv_out5_0_1|       pointer|
|conv_out5_0_1_read                 |  out|     1|     ap_fifo|                 conv_out5_0_1|       pointer|
|conv_out5_0_1_num_data_valid       |   in|     3|     ap_fifo|                 conv_out5_0_1|       pointer|
|conv_out5_0_1_fifo_cap             |   in|     3|     ap_fifo|                 conv_out5_0_1|       pointer|
|conv_out5_0_2_dout                 |   in|    32|     ap_fifo|                 conv_out5_0_2|       pointer|
|conv_out5_0_2_empty_n              |   in|     1|     ap_fifo|                 conv_out5_0_2|       pointer|
|conv_out5_0_2_read                 |  out|     1|     ap_fifo|                 conv_out5_0_2|       pointer|
|conv_out5_0_2_num_data_valid       |   in|     3|     ap_fifo|                 conv_out5_0_2|       pointer|
|conv_out5_0_2_fifo_cap             |   in|     3|     ap_fifo|                 conv_out5_0_2|       pointer|
|conv_out5_0_3_dout                 |   in|    32|     ap_fifo|                 conv_out5_0_3|       pointer|
|conv_out5_0_3_empty_n              |   in|     1|     ap_fifo|                 conv_out5_0_3|       pointer|
|conv_out5_0_3_read                 |  out|     1|     ap_fifo|                 conv_out5_0_3|       pointer|
|conv_out5_0_3_num_data_valid       |   in|     3|     ap_fifo|                 conv_out5_0_3|       pointer|
|conv_out5_0_3_fifo_cap             |   in|     3|     ap_fifo|                 conv_out5_0_3|       pointer|
|conv_out5_0_4_dout                 |   in|    32|     ap_fifo|                 conv_out5_0_4|       pointer|
|conv_out5_0_4_empty_n              |   in|     1|     ap_fifo|                 conv_out5_0_4|       pointer|
|conv_out5_0_4_read                 |  out|     1|     ap_fifo|                 conv_out5_0_4|       pointer|
|conv_out5_0_4_num_data_valid       |   in|     3|     ap_fifo|                 conv_out5_0_4|       pointer|
|conv_out5_0_4_fifo_cap             |   in|     3|     ap_fifo|                 conv_out5_0_4|       pointer|
|conv_out5_1_0_dout                 |   in|    32|     ap_fifo|                 conv_out5_1_0|       pointer|
|conv_out5_1_0_empty_n              |   in|     1|     ap_fifo|                 conv_out5_1_0|       pointer|
|conv_out5_1_0_read                 |  out|     1|     ap_fifo|                 conv_out5_1_0|       pointer|
|conv_out5_1_0_num_data_valid       |   in|     3|     ap_fifo|                 conv_out5_1_0|       pointer|
|conv_out5_1_0_fifo_cap             |   in|     3|     ap_fifo|                 conv_out5_1_0|       pointer|
|conv_out5_1_1_dout                 |   in|    32|     ap_fifo|                 conv_out5_1_1|       pointer|
|conv_out5_1_1_empty_n              |   in|     1|     ap_fifo|                 conv_out5_1_1|       pointer|
|conv_out5_1_1_read                 |  out|     1|     ap_fifo|                 conv_out5_1_1|       pointer|
|conv_out5_1_1_num_data_valid       |   in|     3|     ap_fifo|                 conv_out5_1_1|       pointer|
|conv_out5_1_1_fifo_cap             |   in|     3|     ap_fifo|                 conv_out5_1_1|       pointer|
|conv_out5_1_2_dout                 |   in|    32|     ap_fifo|                 conv_out5_1_2|       pointer|
|conv_out5_1_2_empty_n              |   in|     1|     ap_fifo|                 conv_out5_1_2|       pointer|
|conv_out5_1_2_read                 |  out|     1|     ap_fifo|                 conv_out5_1_2|       pointer|
|conv_out5_1_2_num_data_valid       |   in|     3|     ap_fifo|                 conv_out5_1_2|       pointer|
|conv_out5_1_2_fifo_cap             |   in|     3|     ap_fifo|                 conv_out5_1_2|       pointer|
|conv_out5_1_3_dout                 |   in|    32|     ap_fifo|                 conv_out5_1_3|       pointer|
|conv_out5_1_3_empty_n              |   in|     1|     ap_fifo|                 conv_out5_1_3|       pointer|
|conv_out5_1_3_read                 |  out|     1|     ap_fifo|                 conv_out5_1_3|       pointer|
|conv_out5_1_3_num_data_valid       |   in|     3|     ap_fifo|                 conv_out5_1_3|       pointer|
|conv_out5_1_3_fifo_cap             |   in|     3|     ap_fifo|                 conv_out5_1_3|       pointer|
|conv_out5_1_4_dout                 |   in|    32|     ap_fifo|                 conv_out5_1_4|       pointer|
|conv_out5_1_4_empty_n              |   in|     1|     ap_fifo|                 conv_out5_1_4|       pointer|
|conv_out5_1_4_read                 |  out|     1|     ap_fifo|                 conv_out5_1_4|       pointer|
|conv_out5_1_4_num_data_valid       |   in|     3|     ap_fifo|                 conv_out5_1_4|       pointer|
|conv_out5_1_4_fifo_cap             |   in|     3|     ap_fifo|                 conv_out5_1_4|       pointer|
|feature2_embedding_din             |  out|  1152|     ap_fifo|            feature2_embedding|       pointer|
|feature2_embedding_full_n          |   in|     1|     ap_fifo|            feature2_embedding|       pointer|
|feature2_embedding_write           |  out|     1|     ap_fifo|            feature2_embedding|       pointer|
|feature2_embedding_num_data_valid  |   in|     3|     ap_fifo|            feature2_embedding|       pointer|
|feature2_embedding_fifo_cap        |   in|     3|     ap_fifo|            feature2_embedding|       pointer|
+-----------------------------------+-----+------+------------+------------------------------+--------------+

