

================================================================
== Vitis HLS Report for 'feature_concate_layer_stream_9u_s'
================================================================
* Date:           Fri Aug  1 07:20:04 2025

* Version:        2024.2 (Build 5238294 on Nov  8 2024)
* Project:        hls_component
* Solution:       hls (Vivado IP Flow Target)
* Product family: zynquplus
* Target device:  xczu19eg-ffvc1760-2-i


================================================================
== Performance Estimates
================================================================
+ Timing: 
    * Summary: 
    +--------+---------+----------+------------+
    |  Clock |  Target | Estimated| Uncertainty|
    +--------+---------+----------+------------+
    |ap_clk  |  3.57 ns|  2.607 ns|     0.96 ns|
    +--------+---------+----------+------------+

+ Latency: 
    * Summary: 
    +---------+---------+----------+----------+-----+-----+---------+
    |  Latency (cycles) |  Latency (absolute) |  Interval | Pipeline|
    |   min   |   max   |    min   |    max   | min | max |   Type  |
    +---------+---------+----------+----------+-----+-----+---------+
    |        0|        0|      0 ns|      0 ns|    0|    0|       no|
    +---------+---------+----------+----------+-----+-----+---------+

    + Detail: 
        * Instance: 
        N/A

        * Loop: 
        N/A

============================================================
+ Verbose Summary: Synthesis Manager
============================================================
InlineROM: 1
ExposeGlobal: 0
============================================================
+ Verbose Summary: CDFG Model
============================================================
IsTopModel: 0
ResetActiveHigh: 1
IsCombinational: 2
IsDatapathOnly: 0
HasWiredReturn: 1
HasMFsm: 0
HasVarLatency: 0
IsPipeline: 0
IsRtlPipelined: 0
IsInstanceOverlapped: 0
IsDontTouch: 0
HasImplIP: 0
IsGatedGlobalClock: 0


============================================================
+ Verbose Summary: Schedule
============================================================
* Number of FSM states : 1
* Pipeline : 0
* Dataflow Pipeline: 0

* FSM state transitions: 
1 --> 

* FSM state operations: 

State 1 <SV = 0> <Delay = 2.60>
ST_1 : Operation 2 [1/1] (0.00ns)   --->   "%specinterface_ln0 = specinterface void @_ssdm_op_SpecInterface, i576 %feature_embedding_8, void @empty_2, i32 0, i32 0, void @empty_3, i32 0, i32 0, void @empty_3, void @empty_3, void @empty_3, i32 0, i32 0, i32 0, i32 0, void @empty_3, void @empty_3, i32 4294967295, i32 0, i32 0"   --->   Operation 2 'specinterface' 'specinterface_ln0' <Predicate = true> <Delay = 0.00>
ST_1 : Operation 3 [1/1] (0.00ns)   --->   "%specinterface_ln0 = specinterface void @_ssdm_op_SpecInterface, i576 %feature_embedding_7, void @empty_2, i32 0, i32 0, void @empty_3, i32 0, i32 0, void @empty_3, void @empty_3, void @empty_3, i32 0, i32 0, i32 0, i32 0, void @empty_3, void @empty_3, i32 4294967295, i32 0, i32 0"   --->   Operation 3 'specinterface' 'specinterface_ln0' <Predicate = true> <Delay = 0.00>
ST_1 : Operation 4 [1/1] (0.00ns)   --->   "%specinterface_ln0 = specinterface void @_ssdm_op_SpecInterface, i576 %feature_embedding_6, void @empty_2, i32 0, i32 0, void @empty_3, i32 0, i32 0, void @empty_3, void @empty_3, void @empty_3, i32 0, i32 0, i32 0, i32 0, void @empty_3, void @empty_3, i32 4294967295, i32 0, i32 0"   --->   Operation 4 'specinterface' 'specinterface_ln0' <Predicate = true> <Delay = 0.00>
ST_1 : Operation 5 [1/1] (0.00ns)   --->   "%specinterface_ln0 = specinterface void @_ssdm_op_SpecInterface, i576 %feature_embedding_5, void @empty_2, i32 0, i32 0, void @empty_3, i32 0, i32 0, void @empty_3, void @empty_3, void @empty_3, i32 0, i32 0, i32 0, i32 0, void @empty_3, void @empty_3, i32 4294967295, i32 0, i32 0"   --->   Operation 5 'specinterface' 'specinterface_ln0' <Predicate = true> <Delay = 0.00>
ST_1 : Operation 6 [1/1] (0.00ns)   --->   "%specinterface_ln0 = specinterface void @_ssdm_op_SpecInterface, i576 %feature_embedding_4, void @empty_2, i32 0, i32 0, void @empty_3, i32 0, i32 0, void @empty_3, void @empty_3, void @empty_3, i32 0, i32 0, i32 0, i32 0, void @empty_3, void @empty_3, i32 4294967295, i32 0, i32 0"   --->   Operation 6 'specinterface' 'specinterface_ln0' <Predicate = true> <Delay = 0.00>
ST_1 : Operation 7 [1/1] (0.00ns)   --->   "%specinterface_ln0 = specinterface void @_ssdm_op_SpecInterface, i576 %feature_embedding_3, void @empty_2, i32 0, i32 0, void @empty_3, i32 0, i32 0, void @empty_3, void @empty_3, void @empty_3, i32 0, i32 0, i32 0, i32 0, void @empty_3, void @empty_3, i32 4294967295, i32 0, i32 0"   --->   Operation 7 'specinterface' 'specinterface_ln0' <Predicate = true> <Delay = 0.00>
ST_1 : Operation 8 [1/1] (0.00ns)   --->   "%specinterface_ln0 = specinterface void @_ssdm_op_SpecInterface, i576 %feature_embedding_2, void @empty_2, i32 0, i32 0, void @empty_3, i32 0, i32 0, void @empty_3, void @empty_3, void @empty_3, i32 0, i32 0, i32 0, i32 0, void @empty_3, void @empty_3, i32 4294967295, i32 0, i32 0"   --->   Operation 8 'specinterface' 'specinterface_ln0' <Predicate = true> <Delay = 0.00>
ST_1 : Operation 9 [1/1] (0.00ns)   --->   "%specinterface_ln0 = specinterface void @_ssdm_op_SpecInterface, i576 %feature_embedding_1, void @empty_2, i32 0, i32 0, void @empty_3, i32 0, i32 0, void @empty_3, void @empty_3, void @empty_3, i32 0, i32 0, i32 0, i32 0, void @empty_3, void @empty_3, i32 4294967295, i32 0, i32 0"   --->   Operation 9 'specinterface' 'specinterface_ln0' <Predicate = true> <Delay = 0.00>
ST_1 : Operation 10 [1/1] (0.00ns)   --->   "%specinterface_ln0 = specinterface void @_ssdm_op_SpecInterface, i576 %feature_embedding_0, void @empty_2, i32 0, i32 0, void @empty_3, i32 0, i32 0, void @empty_3, void @empty_3, void @empty_3, i32 0, i32 0, i32 0, i32 0, void @empty_3, void @empty_3, i32 4294967295, i32 0, i32 0"   --->   Operation 10 'specinterface' 'specinterface_ln0' <Predicate = true> <Delay = 0.00>
ST_1 : Operation 11 [1/1] (0.00ns)   --->   "%specinterface_ln0 = specinterface void @_ssdm_op_SpecInterface, i256 %ipd_x_embedding_8, void @empty_2, i32 0, i32 0, void @empty_3, i32 0, i32 0, void @empty_3, void @empty_3, void @empty_3, i32 0, i32 0, i32 0, i32 0, void @empty_3, void @empty_3, i32 4294967295, i32 0, i32 0"   --->   Operation 11 'specinterface' 'specinterface_ln0' <Predicate = true> <Delay = 0.00>
ST_1 : Operation 12 [1/1] (0.00ns)   --->   "%specinterface_ln0 = specinterface void @_ssdm_op_SpecInterface, i256 %ipd_x_embedding_7, void @empty_2, i32 0, i32 0, void @empty_3, i32 0, i32 0, void @empty_3, void @empty_3, void @empty_3, i32 0, i32 0, i32 0, i32 0, void @empty_3, void @empty_3, i32 4294967295, i32 0, i32 0"   --->   Operation 12 'specinterface' 'specinterface_ln0' <Predicate = true> <Delay = 0.00>
ST_1 : Operation 13 [1/1] (0.00ns)   --->   "%specinterface_ln0 = specinterface void @_ssdm_op_SpecInterface, i256 %ipd_x_embedding_6, void @empty_2, i32 0, i32 0, void @empty_3, i32 0, i32 0, void @empty_3, void @empty_3, void @empty_3, i32 0, i32 0, i32 0, i32 0, void @empty_3, void @empty_3, i32 4294967295, i32 0, i32 0"   --->   Operation 13 'specinterface' 'specinterface_ln0' <Predicate = true> <Delay = 0.00>
ST_1 : Operation 14 [1/1] (0.00ns)   --->   "%specinterface_ln0 = specinterface void @_ssdm_op_SpecInterface, i256 %ipd_x_embedding_5, void @empty_2, i32 0, i32 0, void @empty_3, i32 0, i32 0, void @empty_3, void @empty_3, void @empty_3, i32 0, i32 0, i32 0, i32 0, void @empty_3, void @empty_3, i32 4294967295, i32 0, i32 0"   --->   Operation 14 'specinterface' 'specinterface_ln0' <Predicate = true> <Delay = 0.00>
ST_1 : Operation 15 [1/1] (0.00ns)   --->   "%specinterface_ln0 = specinterface void @_ssdm_op_SpecInterface, i256 %ipd_x_embedding_4, void @empty_2, i32 0, i32 0, void @empty_3, i32 0, i32 0, void @empty_3, void @empty_3, void @empty_3, i32 0, i32 0, i32 0, i32 0, void @empty_3, void @empty_3, i32 4294967295, i32 0, i32 0"   --->   Operation 15 'specinterface' 'specinterface_ln0' <Predicate = true> <Delay = 0.00>
ST_1 : Operation 16 [1/1] (0.00ns)   --->   "%specinterface_ln0 = specinterface void @_ssdm_op_SpecInterface, i256 %ipd_x_embedding_3, void @empty_2, i32 0, i32 0, void @empty_3, i32 0, i32 0, void @empty_3, void @empty_3, void @empty_3, i32 0, i32 0, i32 0, i32 0, void @empty_3, void @empty_3, i32 4294967295, i32 0, i32 0"   --->   Operation 16 'specinterface' 'specinterface_ln0' <Predicate = true> <Delay = 0.00>
ST_1 : Operation 17 [1/1] (0.00ns)   --->   "%specinterface_ln0 = specinterface void @_ssdm_op_SpecInterface, i256 %ipd_x_embedding_2, void @empty_2, i32 0, i32 0, void @empty_3, i32 0, i32 0, void @empty_3, void @empty_3, void @empty_3, i32 0, i32 0, i32 0, i32 0, void @empty_3, void @empty_3, i32 4294967295, i32 0, i32 0"   --->   Operation 17 'specinterface' 'specinterface_ln0' <Predicate = true> <Delay = 0.00>
ST_1 : Operation 18 [1/1] (0.00ns)   --->   "%specinterface_ln0 = specinterface void @_ssdm_op_SpecInterface, i256 %ipd_x_embedding_1, void @empty_2, i32 0, i32 0, void @empty_3, i32 0, i32 0, void @empty_3, void @empty_3, void @empty_3, i32 0, i32 0, i32 0, i32 0, void @empty_3, void @empty_3, i32 4294967295, i32 0, i32 0"   --->   Operation 18 'specinterface' 'specinterface_ln0' <Predicate = true> <Delay = 0.00>
ST_1 : Operation 19 [1/1] (0.00ns)   --->   "%specinterface_ln0 = specinterface void @_ssdm_op_SpecInterface, i256 %ipd_x_embedding_0, void @empty_2, i32 0, i32 0, void @empty_3, i32 0, i32 0, void @empty_3, void @empty_3, void @empty_3, i32 0, i32 0, i32 0, i32 0, void @empty_3, void @empty_3, i32 4294967295, i32 0, i32 0"   --->   Operation 19 'specinterface' 'specinterface_ln0' <Predicate = true> <Delay = 0.00>
ST_1 : Operation 20 [1/1] (0.00ns)   --->   "%specinterface_ln0 = specinterface void @_ssdm_op_SpecInterface, i320 %len_x_embedding_8, void @empty_2, i32 0, i32 0, void @empty_3, i32 0, i32 0, void @empty_3, void @empty_3, void @empty_3, i32 0, i32 0, i32 0, i32 0, void @empty_3, void @empty_3, i32 4294967295, i32 0, i32 0"   --->   Operation 20 'specinterface' 'specinterface_ln0' <Predicate = true> <Delay = 0.00>
ST_1 : Operation 21 [1/1] (0.00ns)   --->   "%specinterface_ln0 = specinterface void @_ssdm_op_SpecInterface, i320 %len_x_embedding_7, void @empty_2, i32 0, i32 0, void @empty_3, i32 0, i32 0, void @empty_3, void @empty_3, void @empty_3, i32 0, i32 0, i32 0, i32 0, void @empty_3, void @empty_3, i32 4294967295, i32 0, i32 0"   --->   Operation 21 'specinterface' 'specinterface_ln0' <Predicate = true> <Delay = 0.00>
ST_1 : Operation 22 [1/1] (0.00ns)   --->   "%specinterface_ln0 = specinterface void @_ssdm_op_SpecInterface, i320 %len_x_embedding_6, void @empty_2, i32 0, i32 0, void @empty_3, i32 0, i32 0, void @empty_3, void @empty_3, void @empty_3, i32 0, i32 0, i32 0, i32 0, void @empty_3, void @empty_3, i32 4294967295, i32 0, i32 0"   --->   Operation 22 'specinterface' 'specinterface_ln0' <Predicate = true> <Delay = 0.00>
ST_1 : Operation 23 [1/1] (0.00ns)   --->   "%specinterface_ln0 = specinterface void @_ssdm_op_SpecInterface, i320 %len_x_embedding_5, void @empty_2, i32 0, i32 0, void @empty_3, i32 0, i32 0, void @empty_3, void @empty_3, void @empty_3, i32 0, i32 0, i32 0, i32 0, void @empty_3, void @empty_3, i32 4294967295, i32 0, i32 0"   --->   Operation 23 'specinterface' 'specinterface_ln0' <Predicate = true> <Delay = 0.00>
ST_1 : Operation 24 [1/1] (0.00ns)   --->   "%specinterface_ln0 = specinterface void @_ssdm_op_SpecInterface, i320 %len_x_embedding_4, void @empty_2, i32 0, i32 0, void @empty_3, i32 0, i32 0, void @empty_3, void @empty_3, void @empty_3, i32 0, i32 0, i32 0, i32 0, void @empty_3, void @empty_3, i32 4294967295, i32 0, i32 0"   --->   Operation 24 'specinterface' 'specinterface_ln0' <Predicate = true> <Delay = 0.00>
ST_1 : Operation 25 [1/1] (0.00ns)   --->   "%specinterface_ln0 = specinterface void @_ssdm_op_SpecInterface, i320 %len_x_embedding_3, void @empty_2, i32 0, i32 0, void @empty_3, i32 0, i32 0, void @empty_3, void @empty_3, void @empty_3, i32 0, i32 0, i32 0, i32 0, void @empty_3, void @empty_3, i32 4294967295, i32 0, i32 0"   --->   Operation 25 'specinterface' 'specinterface_ln0' <Predicate = true> <Delay = 0.00>
ST_1 : Operation 26 [1/1] (0.00ns)   --->   "%specinterface_ln0 = specinterface void @_ssdm_op_SpecInterface, i320 %len_x_embedding_2, void @empty_2, i32 0, i32 0, void @empty_3, i32 0, i32 0, void @empty_3, void @empty_3, void @empty_3, i32 0, i32 0, i32 0, i32 0, void @empty_3, void @empty_3, i32 4294967295, i32 0, i32 0"   --->   Operation 26 'specinterface' 'specinterface_ln0' <Predicate = true> <Delay = 0.00>
ST_1 : Operation 27 [1/1] (0.00ns)   --->   "%specinterface_ln0 = specinterface void @_ssdm_op_SpecInterface, i320 %len_x_embedding_1, void @empty_2, i32 0, i32 0, void @empty_3, i32 0, i32 0, void @empty_3, void @empty_3, void @empty_3, i32 0, i32 0, i32 0, i32 0, void @empty_3, void @empty_3, i32 4294967295, i32 0, i32 0"   --->   Operation 27 'specinterface' 'specinterface_ln0' <Predicate = true> <Delay = 0.00>
ST_1 : Operation 28 [1/1] (0.00ns)   --->   "%specinterface_ln0 = specinterface void @_ssdm_op_SpecInterface, i320 %len_x_embedding_0, void @empty_2, i32 0, i32 0, void @empty_3, i32 0, i32 0, void @empty_3, void @empty_3, void @empty_3, i32 0, i32 0, i32 0, i32 0, void @empty_3, void @empty_3, i32 4294967295, i32 0, i32 0"   --->   Operation 28 'specinterface' 'specinterface_ln0' <Predicate = true> <Delay = 0.00>
ST_1 : Operation 29 [1/1] ( I:1.30ns O:1.30ns )   --->   "%len_x_embedding_0_read = read i320 @_ssdm_op_Read.ap_fifo.volatile.i320P0A, i320 %len_x_embedding_0" [./ComponentStream.h:52]   --->   Operation 29 'read' 'len_x_embedding_0_read' <Predicate = true> <Delay = 1.30> <CoreInst = "FIFO">   --->   Core 77 'FIFO' <Latency = 0> <II = 1> <Delay = 1.63> <Storage> <Opcode : 'read' 'write' 'nbread' 'nbwrite'> <Ports = 0> <Width = 320> <Depth = 4> <FIFO>
ST_1 : Operation 30 [1/1] ( I:1.30ns O:1.30ns )   --->   "%ipd_x_embedding_0_read = read i256 @_ssdm_op_Read.ap_fifo.volatile.i256P0A, i256 %ipd_x_embedding_0" [./ComponentStream.h:53]   --->   Operation 30 'read' 'ipd_x_embedding_0_read' <Predicate = true> <Delay = 1.30> <CoreInst = "FIFO_SRL">   --->   Core 80 'FIFO_SRL' <Latency = 0> <II = 1> <Delay = 1.83> <Storage> <Opcode : 'read' 'write' 'nbread' 'nbwrite'> <Ports = 0> <Width = 256> <Depth = 4> <FIFO>
ST_1 : Operation 31 [1/1] (0.00ns)   --->   "%p_s = bitconcatenate i576 @_ssdm_op_BitConcatenate.i576.i256.i320, i256 %ipd_x_embedding_0_read, i320 %len_x_embedding_0_read" [./ComponentStream.h:59]   --->   Operation 31 'bitconcatenate' 'p_s' <Predicate = true> <Delay = 0.00>
ST_1 : Operation 32 [1/1] ( I:1.30ns O:1.30ns )   --->   "%write_ln59 = write void @_ssdm_op_Write.ap_fifo.volatile.i576P0A, i576 %feature_embedding_0, i576 %p_s" [./ComponentStream.h:59]   --->   Operation 32 'write' 'write_ln59' <Predicate = true> <Delay = 1.30> <CoreInst = "FIFO">   --->   Core 77 'FIFO' <Latency = 0> <II = 1> <Delay = 1.63> <Storage> <Opcode : 'read' 'write' 'nbread' 'nbwrite'> <Ports = 0> <Width = 576> <Depth = 4> <FIFO>
ST_1 : Operation 33 [1/1] ( I:1.30ns O:1.30ns )   --->   "%len_x_embedding_1_read = read i320 @_ssdm_op_Read.ap_fifo.volatile.i320P0A, i320 %len_x_embedding_1" [./ComponentStream.h:52]   --->   Operation 33 'read' 'len_x_embedding_1_read' <Predicate = true> <Delay = 1.30> <CoreInst = "FIFO">   --->   Core 77 'FIFO' <Latency = 0> <II = 1> <Delay = 1.63> <Storage> <Opcode : 'read' 'write' 'nbread' 'nbwrite'> <Ports = 0> <Width = 320> <Depth = 4> <FIFO>
ST_1 : Operation 34 [1/1] ( I:1.30ns O:1.30ns )   --->   "%ipd_x_embedding_1_read = read i256 @_ssdm_op_Read.ap_fifo.volatile.i256P0A, i256 %ipd_x_embedding_1" [./ComponentStream.h:53]   --->   Operation 34 'read' 'ipd_x_embedding_1_read' <Predicate = true> <Delay = 1.30> <CoreInst = "FIFO_SRL">   --->   Core 80 'FIFO_SRL' <Latency = 0> <II = 1> <Delay = 1.83> <Storage> <Opcode : 'read' 'write' 'nbread' 'nbwrite'> <Ports = 0> <Width = 256> <Depth = 4> <FIFO>
ST_1 : Operation 35 [1/1] (0.00ns)   --->   "%p_17 = bitconcatenate i576 @_ssdm_op_BitConcatenate.i576.i256.i320, i256 %ipd_x_embedding_1_read, i320 %len_x_embedding_1_read" [./ComponentStream.h:59]   --->   Operation 35 'bitconcatenate' 'p_17' <Predicate = true> <Delay = 0.00>
ST_1 : Operation 36 [1/1] ( I:1.30ns O:1.30ns )   --->   "%write_ln59 = write void @_ssdm_op_Write.ap_fifo.volatile.i576P0A, i576 %feature_embedding_1, i576 %p_17" [./ComponentStream.h:59]   --->   Operation 36 'write' 'write_ln59' <Predicate = true> <Delay = 1.30> <CoreInst = "FIFO">   --->   Core 77 'FIFO' <Latency = 0> <II = 1> <Delay = 1.63> <Storage> <Opcode : 'read' 'write' 'nbread' 'nbwrite'> <Ports = 0> <Width = 576> <Depth = 4> <FIFO>
ST_1 : Operation 37 [1/1] ( I:1.30ns O:1.30ns )   --->   "%len_x_embedding_2_read = read i320 @_ssdm_op_Read.ap_fifo.volatile.i320P0A, i320 %len_x_embedding_2" [./ComponentStream.h:52]   --->   Operation 37 'read' 'len_x_embedding_2_read' <Predicate = true> <Delay = 1.30> <CoreInst = "FIFO">   --->   Core 77 'FIFO' <Latency = 0> <II = 1> <Delay = 1.63> <Storage> <Opcode : 'read' 'write' 'nbread' 'nbwrite'> <Ports = 0> <Width = 320> <Depth = 4> <FIFO>
ST_1 : Operation 38 [1/1] ( I:1.30ns O:1.30ns )   --->   "%ipd_x_embedding_2_read = read i256 @_ssdm_op_Read.ap_fifo.volatile.i256P0A, i256 %ipd_x_embedding_2" [./ComponentStream.h:53]   --->   Operation 38 'read' 'ipd_x_embedding_2_read' <Predicate = true> <Delay = 1.30> <CoreInst = "FIFO_SRL">   --->   Core 80 'FIFO_SRL' <Latency = 0> <II = 1> <Delay = 1.83> <Storage> <Opcode : 'read' 'write' 'nbread' 'nbwrite'> <Ports = 0> <Width = 256> <Depth = 4> <FIFO>
ST_1 : Operation 39 [1/1] (0.00ns)   --->   "%p_18 = bitconcatenate i576 @_ssdm_op_BitConcatenate.i576.i256.i320, i256 %ipd_x_embedding_2_read, i320 %len_x_embedding_2_read" [./ComponentStream.h:59]   --->   Operation 39 'bitconcatenate' 'p_18' <Predicate = true> <Delay = 0.00>
ST_1 : Operation 40 [1/1] ( I:1.30ns O:1.30ns )   --->   "%write_ln59 = write void @_ssdm_op_Write.ap_fifo.volatile.i576P0A, i576 %feature_embedding_2, i576 %p_18" [./ComponentStream.h:59]   --->   Operation 40 'write' 'write_ln59' <Predicate = true> <Delay = 1.30> <CoreInst = "FIFO">   --->   Core 77 'FIFO' <Latency = 0> <II = 1> <Delay = 1.63> <Storage> <Opcode : 'read' 'write' 'nbread' 'nbwrite'> <Ports = 0> <Width = 576> <Depth = 4> <FIFO>
ST_1 : Operation 41 [1/1] ( I:1.30ns O:1.30ns )   --->   "%len_x_embedding_3_read = read i320 @_ssdm_op_Read.ap_fifo.volatile.i320P0A, i320 %len_x_embedding_3" [./ComponentStream.h:52]   --->   Operation 41 'read' 'len_x_embedding_3_read' <Predicate = true> <Delay = 1.30> <CoreInst = "FIFO">   --->   Core 77 'FIFO' <Latency = 0> <II = 1> <Delay = 1.63> <Storage> <Opcode : 'read' 'write' 'nbread' 'nbwrite'> <Ports = 0> <Width = 320> <Depth = 4> <FIFO>
ST_1 : Operation 42 [1/1] ( I:1.30ns O:1.30ns )   --->   "%ipd_x_embedding_3_read = read i256 @_ssdm_op_Read.ap_fifo.volatile.i256P0A, i256 %ipd_x_embedding_3" [./ComponentStream.h:53]   --->   Operation 42 'read' 'ipd_x_embedding_3_read' <Predicate = true> <Delay = 1.30> <CoreInst = "FIFO_SRL">   --->   Core 80 'FIFO_SRL' <Latency = 0> <II = 1> <Delay = 1.83> <Storage> <Opcode : 'read' 'write' 'nbread' 'nbwrite'> <Ports = 0> <Width = 256> <Depth = 4> <FIFO>
ST_1 : Operation 43 [1/1] (0.00ns)   --->   "%p_19 = bitconcatenate i576 @_ssdm_op_BitConcatenate.i576.i256.i320, i256 %ipd_x_embedding_3_read, i320 %len_x_embedding_3_read" [./ComponentStream.h:59]   --->   Operation 43 'bitconcatenate' 'p_19' <Predicate = true> <Delay = 0.00>
ST_1 : Operation 44 [1/1] ( I:1.30ns O:1.30ns )   --->   "%write_ln59 = write void @_ssdm_op_Write.ap_fifo.volatile.i576P0A, i576 %feature_embedding_3, i576 %p_19" [./ComponentStream.h:59]   --->   Operation 44 'write' 'write_ln59' <Predicate = true> <Delay = 1.30> <CoreInst = "FIFO">   --->   Core 77 'FIFO' <Latency = 0> <II = 1> <Delay = 1.63> <Storage> <Opcode : 'read' 'write' 'nbread' 'nbwrite'> <Ports = 0> <Width = 576> <Depth = 4> <FIFO>
ST_1 : Operation 45 [1/1] ( I:1.30ns O:1.30ns )   --->   "%len_x_embedding_4_read = read i320 @_ssdm_op_Read.ap_fifo.volatile.i320P0A, i320 %len_x_embedding_4" [./ComponentStream.h:52]   --->   Operation 45 'read' 'len_x_embedding_4_read' <Predicate = true> <Delay = 1.30> <CoreInst = "FIFO">   --->   Core 77 'FIFO' <Latency = 0> <II = 1> <Delay = 1.63> <Storage> <Opcode : 'read' 'write' 'nbread' 'nbwrite'> <Ports = 0> <Width = 320> <Depth = 4> <FIFO>
ST_1 : Operation 46 [1/1] ( I:1.30ns O:1.30ns )   --->   "%ipd_x_embedding_4_read = read i256 @_ssdm_op_Read.ap_fifo.volatile.i256P0A, i256 %ipd_x_embedding_4" [./ComponentStream.h:53]   --->   Operation 46 'read' 'ipd_x_embedding_4_read' <Predicate = true> <Delay = 1.30> <CoreInst = "FIFO_SRL">   --->   Core 80 'FIFO_SRL' <Latency = 0> <II = 1> <Delay = 1.83> <Storage> <Opcode : 'read' 'write' 'nbread' 'nbwrite'> <Ports = 0> <Width = 256> <Depth = 4> <FIFO>
ST_1 : Operation 47 [1/1] (0.00ns)   --->   "%p_20 = bitconcatenate i576 @_ssdm_op_BitConcatenate.i576.i256.i320, i256 %ipd_x_embedding_4_read, i320 %len_x_embedding_4_read" [./ComponentStream.h:59]   --->   Operation 47 'bitconcatenate' 'p_20' <Predicate = true> <Delay = 0.00>
ST_1 : Operation 48 [1/1] ( I:1.30ns O:1.30ns )   --->   "%write_ln59 = write void @_ssdm_op_Write.ap_fifo.volatile.i576P0A, i576 %feature_embedding_4, i576 %p_20" [./ComponentStream.h:59]   --->   Operation 48 'write' 'write_ln59' <Predicate = true> <Delay = 1.30> <CoreInst = "FIFO">   --->   Core 77 'FIFO' <Latency = 0> <II = 1> <Delay = 1.63> <Storage> <Opcode : 'read' 'write' 'nbread' 'nbwrite'> <Ports = 0> <Width = 576> <Depth = 4> <FIFO>
ST_1 : Operation 49 [1/1] ( I:1.30ns O:1.30ns )   --->   "%len_x_embedding_5_read = read i320 @_ssdm_op_Read.ap_fifo.volatile.i320P0A, i320 %len_x_embedding_5" [./ComponentStream.h:52]   --->   Operation 49 'read' 'len_x_embedding_5_read' <Predicate = true> <Delay = 1.30> <CoreInst = "FIFO">   --->   Core 77 'FIFO' <Latency = 0> <II = 1> <Delay = 1.63> <Storage> <Opcode : 'read' 'write' 'nbread' 'nbwrite'> <Ports = 0> <Width = 320> <Depth = 4> <FIFO>
ST_1 : Operation 50 [1/1] ( I:1.30ns O:1.30ns )   --->   "%ipd_x_embedding_5_read = read i256 @_ssdm_op_Read.ap_fifo.volatile.i256P0A, i256 %ipd_x_embedding_5" [./ComponentStream.h:53]   --->   Operation 50 'read' 'ipd_x_embedding_5_read' <Predicate = true> <Delay = 1.30> <CoreInst = "FIFO_SRL">   --->   Core 80 'FIFO_SRL' <Latency = 0> <II = 1> <Delay = 1.83> <Storage> <Opcode : 'read' 'write' 'nbread' 'nbwrite'> <Ports = 0> <Width = 256> <Depth = 4> <FIFO>
ST_1 : Operation 51 [1/1] (0.00ns)   --->   "%p_21 = bitconcatenate i576 @_ssdm_op_BitConcatenate.i576.i256.i320, i256 %ipd_x_embedding_5_read, i320 %len_x_embedding_5_read" [./ComponentStream.h:59]   --->   Operation 51 'bitconcatenate' 'p_21' <Predicate = true> <Delay = 0.00>
ST_1 : Operation 52 [1/1] ( I:1.30ns O:1.30ns )   --->   "%write_ln59 = write void @_ssdm_op_Write.ap_fifo.volatile.i576P0A, i576 %feature_embedding_5, i576 %p_21" [./ComponentStream.h:59]   --->   Operation 52 'write' 'write_ln59' <Predicate = true> <Delay = 1.30> <CoreInst = "FIFO">   --->   Core 77 'FIFO' <Latency = 0> <II = 1> <Delay = 1.63> <Storage> <Opcode : 'read' 'write' 'nbread' 'nbwrite'> <Ports = 0> <Width = 576> <Depth = 4> <FIFO>
ST_1 : Operation 53 [1/1] ( I:1.30ns O:1.30ns )   --->   "%len_x_embedding_6_read = read i320 @_ssdm_op_Read.ap_fifo.volatile.i320P0A, i320 %len_x_embedding_6" [./ComponentStream.h:52]   --->   Operation 53 'read' 'len_x_embedding_6_read' <Predicate = true> <Delay = 1.30> <CoreInst = "FIFO">   --->   Core 77 'FIFO' <Latency = 0> <II = 1> <Delay = 1.63> <Storage> <Opcode : 'read' 'write' 'nbread' 'nbwrite'> <Ports = 0> <Width = 320> <Depth = 4> <FIFO>
ST_1 : Operation 54 [1/1] ( I:1.30ns O:1.30ns )   --->   "%ipd_x_embedding_6_read = read i256 @_ssdm_op_Read.ap_fifo.volatile.i256P0A, i256 %ipd_x_embedding_6" [./ComponentStream.h:53]   --->   Operation 54 'read' 'ipd_x_embedding_6_read' <Predicate = true> <Delay = 1.30> <CoreInst = "FIFO_SRL">   --->   Core 80 'FIFO_SRL' <Latency = 0> <II = 1> <Delay = 1.83> <Storage> <Opcode : 'read' 'write' 'nbread' 'nbwrite'> <Ports = 0> <Width = 256> <Depth = 4> <FIFO>
ST_1 : Operation 55 [1/1] (0.00ns)   --->   "%p_22 = bitconcatenate i576 @_ssdm_op_BitConcatenate.i576.i256.i320, i256 %ipd_x_embedding_6_read, i320 %len_x_embedding_6_read" [./ComponentStream.h:59]   --->   Operation 55 'bitconcatenate' 'p_22' <Predicate = true> <Delay = 0.00>
ST_1 : Operation 56 [1/1] ( I:1.30ns O:1.30ns )   --->   "%write_ln59 = write void @_ssdm_op_Write.ap_fifo.volatile.i576P0A, i576 %feature_embedding_6, i576 %p_22" [./ComponentStream.h:59]   --->   Operation 56 'write' 'write_ln59' <Predicate = true> <Delay = 1.30> <CoreInst = "FIFO">   --->   Core 77 'FIFO' <Latency = 0> <II = 1> <Delay = 1.63> <Storage> <Opcode : 'read' 'write' 'nbread' 'nbwrite'> <Ports = 0> <Width = 576> <Depth = 4> <FIFO>
ST_1 : Operation 57 [1/1] ( I:1.30ns O:1.30ns )   --->   "%len_x_embedding_7_read = read i320 @_ssdm_op_Read.ap_fifo.volatile.i320P0A, i320 %len_x_embedding_7" [./ComponentStream.h:52]   --->   Operation 57 'read' 'len_x_embedding_7_read' <Predicate = true> <Delay = 1.30> <CoreInst = "FIFO">   --->   Core 77 'FIFO' <Latency = 0> <II = 1> <Delay = 1.63> <Storage> <Opcode : 'read' 'write' 'nbread' 'nbwrite'> <Ports = 0> <Width = 320> <Depth = 4> <FIFO>
ST_1 : Operation 58 [1/1] ( I:1.30ns O:1.30ns )   --->   "%ipd_x_embedding_7_read = read i256 @_ssdm_op_Read.ap_fifo.volatile.i256P0A, i256 %ipd_x_embedding_7" [./ComponentStream.h:53]   --->   Operation 58 'read' 'ipd_x_embedding_7_read' <Predicate = true> <Delay = 1.30> <CoreInst = "FIFO_SRL">   --->   Core 80 'FIFO_SRL' <Latency = 0> <II = 1> <Delay = 1.83> <Storage> <Opcode : 'read' 'write' 'nbread' 'nbwrite'> <Ports = 0> <Width = 256> <Depth = 4> <FIFO>
ST_1 : Operation 59 [1/1] (0.00ns)   --->   "%p_23 = bitconcatenate i576 @_ssdm_op_BitConcatenate.i576.i256.i320, i256 %ipd_x_embedding_7_read, i320 %len_x_embedding_7_read" [./ComponentStream.h:59]   --->   Operation 59 'bitconcatenate' 'p_23' <Predicate = true> <Delay = 0.00>
ST_1 : Operation 60 [1/1] ( I:1.30ns O:1.30ns )   --->   "%write_ln59 = write void @_ssdm_op_Write.ap_fifo.volatile.i576P0A, i576 %feature_embedding_7, i576 %p_23" [./ComponentStream.h:59]   --->   Operation 60 'write' 'write_ln59' <Predicate = true> <Delay = 1.30> <CoreInst = "FIFO">   --->   Core 77 'FIFO' <Latency = 0> <II = 1> <Delay = 1.63> <Storage> <Opcode : 'read' 'write' 'nbread' 'nbwrite'> <Ports = 0> <Width = 576> <Depth = 4> <FIFO>
ST_1 : Operation 61 [1/1] ( I:1.30ns O:1.30ns )   --->   "%len_x_embedding_8_read = read i320 @_ssdm_op_Read.ap_fifo.volatile.i320P0A, i320 %len_x_embedding_8" [./ComponentStream.h:52]   --->   Operation 61 'read' 'len_x_embedding_8_read' <Predicate = true> <Delay = 1.30> <CoreInst = "FIFO">   --->   Core 77 'FIFO' <Latency = 0> <II = 1> <Delay = 1.63> <Storage> <Opcode : 'read' 'write' 'nbread' 'nbwrite'> <Ports = 0> <Width = 320> <Depth = 4> <FIFO>
ST_1 : Operation 62 [1/1] ( I:1.30ns O:1.30ns )   --->   "%ipd_x_embedding_8_read = read i256 @_ssdm_op_Read.ap_fifo.volatile.i256P0A, i256 %ipd_x_embedding_8" [./ComponentStream.h:53]   --->   Operation 62 'read' 'ipd_x_embedding_8_read' <Predicate = true> <Delay = 1.30> <CoreInst = "FIFO_SRL">   --->   Core 80 'FIFO_SRL' <Latency = 0> <II = 1> <Delay = 1.83> <Storage> <Opcode : 'read' 'write' 'nbread' 'nbwrite'> <Ports = 0> <Width = 256> <Depth = 4> <FIFO>
ST_1 : Operation 63 [1/1] (0.00ns)   --->   "%p_0 = bitconcatenate i576 @_ssdm_op_BitConcatenate.i576.i256.i320, i256 %ipd_x_embedding_8_read, i320 %len_x_embedding_8_read" [./ComponentStream.h:59]   --->   Operation 63 'bitconcatenate' 'p_0' <Predicate = true> <Delay = 0.00>
ST_1 : Operation 64 [1/1] ( I:1.30ns O:1.30ns )   --->   "%write_ln59 = write void @_ssdm_op_Write.ap_fifo.volatile.i576P0A, i576 %feature_embedding_8, i576 %p_0" [./ComponentStream.h:59]   --->   Operation 64 'write' 'write_ln59' <Predicate = true> <Delay = 1.30> <CoreInst = "FIFO">   --->   Core 77 'FIFO' <Latency = 0> <II = 1> <Delay = 1.63> <Storage> <Opcode : 'read' 'write' 'nbread' 'nbwrite'> <Ports = 0> <Width = 576> <Depth = 4> <FIFO>
ST_1 : Operation 65 [1/1] (0.00ns)   --->   "%ret_ln61 = ret" [./ComponentStream.h:61]   --->   Operation 65 'ret' 'ret_ln61' <Predicate = true> <Delay = 0.00>


============================================================
+ Verbose Summary: Timing violations
============================================================
Target clock period: 3.571ns, clock uncertainty: 0.964ns.

 <State 1>: 2.607ns
The critical path consists of the following:
	fifo read operation ('len_x_embedding_0_read', ./ComponentStream.h:52) on port 'len_x_embedding_0' (./ComponentStream.h:52) [55]  (1.303 ns)
	fifo write operation ('write_ln59', ./ComponentStream.h:59) on port 'feature_embedding_0' (./ComponentStream.h:59) [58]  (1.303 ns)


============================================================
+ Verbose Summary: Binding
============================================================
N/A
* FSMD analyzer results:
  - Output states:
 - Input state : 
  - Chain level:
	State 1


============================================================
+ Verbose Summary: Datapath Resource usage 
============================================================
N/A
